
Allocating common symbols
Common symbol       size              file

netbufpool          0x4               binaries/net.o
readylist           0x2               binaries/ready.o
rfltab              0x5a0             binaries/rflinit.o
sleepq              0x2               binaries/clkinit.o
nnames              0x4               binaries/naminit.o
udptab              0x168             binaries/udp.o
minheap             0x4               binaries/meminit.o
marks               0x50              binaries/mark.o
currpid             0x4               binaries/initialize.o
Lf_data             0x20c             binaries/lfsinit.o
porttab             0x2d0             binaries/ptinit.o
girmask             0x2               binaries/evec.o
ttytab              0x10c             binaries/ttyinit.o
proctab             0x1a90            binaries/initialize.o
prcount             0x4               binaries/initialize.o
lfltab              0xf00             binaries/lflinit.o
rdstab              0x8c              binaries/rdsinit.o
ethertab            0x138             binaries/ethinit.o
NetData             0xa8              binaries/net.o
nmarks              0x4               binaries/mark.o
Defer               0x8               binaries/resched.o
semtab              0x4b0             binaries/initialize.o
maxheap             0x4               binaries/meminit.o
preempt             0x4               binaries/clkinit.o
buftab              0xf0              binaries/bufinit.o
Rf_data             0x18              binaries/rfsinit.o
mkmutex             0x4               binaries/mark.o
clktimemsec         0x4               binaries/clkinit.o
clktime             0x4               binaries/clkinit.o
arpcache            0x140             binaries/arp.o
icmptab             0x230             binaries/icmp.o
nbpools             0x4               binaries/bufinit.o
queuetab            0x980             binaries/queue.o
ptnextid            0x4               binaries/ptinit.o
Ram                 0x19000           binaries/raminit.o
ipoqueue            0x2c              binaries/ip.o
memlist             0x8               binaries/initialize.o
nametab             0x19a0            binaries/naminit.o
ptfree              0x4               binaries/ptinit.o

Memory Configuration

Name             Origin             Length             Attributes
*default*        0x0000000000000000 0xffffffffffffffff

Linker script and memory map

                0x0000000000100000                physbase = 0x100000
                0x0000000000100000                . = physbase
                0x0000000000100000                . = ALIGN (0x1000)

.text           0x0000000000100000    0x15000
                0x0000000000100000                text = ABSOLUTE (.)
 *(.text .text.*)
 .text          0x0000000000100000      0x1ac binaries/start.o
                0x0000000000100028                start
                0x00000000001000fa                inb
                0x0000000000100102                inw
                0x000000000010010b                inl
                0x0000000000100113                outb
                0x000000000010011d                outw
                0x0000000000100128                outl
                0x0000000000100132                _rtcin
                0x000000000010013d                ___udivsi3
                0x0000000000100148                ___divsi3
                0x0000000000100154                sbzero
                0x0000000000100164                bcopy
                0x0000000000100178                insw
                0x000000000010018e                outsw
                0x00000000001001a4                lidt
 .text          0x00000000001001ac       0x28 binaries/app1.o
                0x00000000001001ac                app1
 .text          0x00000000001001d4       0x63 binaries/app2.o
                0x00000000001001d4                app2
 .text          0x0000000000100237       0x80 binaries/app3.o
                0x0000000000100237                app3
 .text          0x00000000001002b7       0x36 binaries/app_lim.o
                0x00000000001002b7                app_lim
                0x00000000001002cc                app_sleep
 .text          0x00000000001002ed       0x1b binaries/app_unlim.o
                0x00000000001002ed                app_unlim
 .text          0x0000000000100308      0x2b9 binaries/ascdate.o
                0x0000000000100308                ascdate
 .text          0x00000000001005c1       0x14 binaries/bufinit.o
                0x00000000001005c1                bufinit
 .text          0x00000000001005d5       0x61 binaries/chprio.o
                0x00000000001005d5                chprio
 .text          0x0000000000100636       0x7a binaries/clkhandler.o
                0x0000000000100636                clkhandler
 .text          0x00000000001006b0       0x67 binaries/clkinit.o
                0x00000000001006b0                clkinit
 .text          0x0000000000100717       0x56 binaries/close.o
                0x0000000000100717                close
 .text          0x000000000010076d        0x0 binaries/conf.o
 .text          0x000000000010076d       0x5c binaries/control.o
                0x000000000010076d                control
 .text          0x00000000001007c9       0x8e binaries/cpubound.o
                0x00000000001007c9                cpubound
 .text          0x0000000000100857      0x276 binaries/create.o
                0x0000000000100857                create
 .text          0x0000000000100acd      0x20e binaries/early_imr.o
                0x0000000000100acd                intel_cln_early_sb_read_reg
                0x0000000000100b24                intel_cln_early_sb_write_reg
                0x0000000000100bde                remove_irm_protections
 .text          0x0000000000100cdb      0x2e4 binaries/evec.o
                0x0000000000100cdb                setirmask
                0x0000000000100d13                set_evec
                0x0000000000100d6e                initevec
                0x0000000000100e40                trap
 .text          0x0000000000100fbf       0xf7 binaries/f1.o
                0x0000000000100fbf                f4
                0x0000000000100ff9                f3
                0x0000000000101038                f2
                0x0000000000101077                f1
 .text          0x00000000001010b6       0x7f binaries/freebuf.o
                0x00000000001010b6                freebuf
 .text          0x0000000000101135      0x108 binaries/freemem.o
                0x0000000000101135                freemem
 .text          0x000000000010123d       0x6e binaries/getbuf.o
                0x000000000010123d                getbuf
 .text          0x00000000001012ab       0x56 binaries/getc.o
                0x00000000001012ab                getc
 .text          0x0000000000101301       0x69 binaries/getdev.o
                0x0000000000101301                getdev
 .text          0x000000000010136a       0x82 binaries/getitem.o
                0x000000000010136a                getitem
                0x0000000000101399                getfirst
                0x00000000001013c0                getlast
 .text          0x00000000001013ec       0xc2 binaries/getmem.o
                0x00000000001013ec                getmem
 .text          0x00000000001014ae        0xa binaries/getpid.o
                0x00000000001014ae                getpid
 .text          0x00000000001014b8       0x16 binaries/getppid.o
                0x00000000001014b8                getppid
 .text          0x00000000001014ce       0x58 binaries/getprio.o
                0x00000000001014ce                getprio
 .text          0x0000000000101526       0xac binaries/getstk.o
                0x0000000000101526                getstk
 .text          0x00000000001015d2       0x32 binaries/gettime.o
                0x00000000001015d2                gettime
 .text          0x0000000000101604      0x18c binaries/getutime.o
                0x0000000000101604                getutime
 .text          0x0000000000101790       0x13 binaries/host2netlb.o
                0x0000000000101790                host2netlb
 .text          0x00000000001017a3       0x56 binaries/init.o
                0x00000000001017a3                init
 .text          0x00000000001017f9      0x26f binaries/initialize.o
                0x00000000001017f9                nulluser
                0x0000000000101a1e                stop
                0x0000000000101a42                delay
 .text          0x0000000000101a68       0xd9 binaries/insert.o
                0x0000000000101a68                insert
 .text          0x0000000000101b41       0xe9 binaries/insertd.o
                0x0000000000101b41                insertd
 .text          0x0000000000101c2a       0x87 binaries/iobound.o
                0x0000000000101c2a                iobound
 .text          0x0000000000101cb1        0xa binaries/ioerr.o
                0x0000000000101cb1                ioerr
 .text          0x0000000000101cbb        0xa binaries/ionull.o
                0x0000000000101cbb                ionull
 .text          0x0000000000101cc5      0x164 binaries/kill.o
                0x0000000000101cc5                kill
 .text          0x0000000000101e29       0xa9 binaries/kprintf.o
                0x0000000000101e29                kputc
                0x0000000000101e5b                console_init
                0x0000000000101e8e                kgetc
                0x0000000000101eb4                kprintf
 .text          0x0000000000101ed2      0x15e binaries/lab2q3.o
                0x0000000000101ed2                lab2q3t1
 .text          0x0000000000102030       0xf5 binaries/lab2q4.o
                0x0000000000102030                lab2q4t1
                0x0000000000102075                lab2q4t2
                0x00000000001020b6                lab2q4t3
 .text          0x0000000000102125       0x68 binaries/lab2q5.o
                0x0000000000102125                lab2q5t1
 .text          0x000000000010218d       0x87 binaries/main.o
                0x000000000010218d                homework3
                0x000000000010219a                main
 .text          0x0000000000102214       0x99 binaries/mark.o
                0x0000000000102214                markinit
                0x0000000000102235                mark
 .text          0x00000000001022ad      0x1ff binaries/meminit.o
                0x00000000001022ad                meminit
                0x000000000010243c                setsegs
 .text          0x00000000001024ac      0x122 binaries/mkbufpool.o
                0x00000000001024ac                mkbufpool
 .text          0x00000000001025ce       0xa5 binaries/myappA.o
                0x00000000001025ce                myappA
 .text          0x0000000000102673       0x77 binaries/myfuncA.o
                0x0000000000102673                myfuncA
 .text          0x00000000001026ea       0x75 binaries/myhacker.o
                0x00000000001026ea                myhackermalware
                0x000000000010271b                myhacker
 .text          0x000000000010275f       0x7b binaries/myvictim.o
                0x000000000010275f                myvictim2
                0x0000000000102787                myvictim1
                0x0000000000102792                myvictim
 .text          0x00000000001027da       0x15 binaries/mywelcomemsg.o
                0x00000000001027da                mywelcomemsg
 .text          0x00000000001027ef       0xa0 binaries/newqueue.o
                0x00000000001027ef                newqueue
 .text          0x000000000010288f       0x5c binaries/open.o
                0x000000000010288f                open
 .text          0x00000000001028eb       0x20 binaries/panic.o
                0x00000000001028eb                panic
 .text          0x000000000010290b      0x282 binaries/pci.o
                0x000000000010290b                pci_init
                0x0000000000102915                find_pci_device
                0x00000000001029d4                pci_read_config_byte
                0x0000000000102a12                pci_read_config_word
                0x0000000000102a52                pci_read_config_dword
                0x0000000000102a90                pci_write_config_byte
                0x0000000000102acc                pci_write_config_word
                0x0000000000102b09                pci_write_config_dword
                0x0000000000102b45                pci_get_dev_mmio_base_addr
 .text          0x0000000000102b8d       0x50 binaries/platinit.o
                0x0000000000102b8d                platinit
 .text          0x0000000000102bdd      0x104 binaries/printprstate.o
                0x0000000000102bdd                prtprstate
 .text          0x0000000000102ce1      0x122 binaries/prntsegaddr.o
                0x0000000000102ce1                prntsegaddr
 .text          0x0000000000102e03       0xa9 binaries/ptclear.o
                0x0000000000102e03                _ptclear
 .text          0x0000000000102eac       0x85 binaries/ptcount.o
                0x0000000000102eac                ptcount
 .text          0x0000000000102f31       0xfe binaries/ptcreate.o
                0x0000000000102f31                ptcreate
 .text          0x000000000010302f       0x63 binaries/ptdelete.o
                0x000000000010302f                ptdelete
 .text          0x0000000000103092       0x91 binaries/ptinit.o
                0x0000000000103092                ptinit
 .text          0x0000000000103123       0xf5 binaries/ptrecv.o
                0x0000000000103123                ptrecv
 .text          0x0000000000103218       0x66 binaries/ptreset.o
                0x0000000000103218                ptreset
 .text          0x000000000010327e      0x115 binaries/ptsend.o
                0x000000000010327e                ptsend
 .text          0x0000000000103393       0x64 binaries/putc.o
                0x0000000000103393                putc
 .text          0x00000000001033f7       0xb3 binaries/quark_irq.o
                0x00000000001033f7                quark_irq_routing
 .text          0x00000000001034aa      0x19a binaries/quark_pdat.o
                0x00000000001034aa                get_quark_pdat_entry_data_by_id
                0x0000000000103574                get_quark_pdat_entry_data_by_desc
 .text          0x0000000000103644       0xaf binaries/queue.o
                0x0000000000103644                enqueue
                0x00000000001036a8                dequeue
 .text          0x00000000001036f3       0x5c binaries/read.o
                0x00000000001036f3                read
 .text          0x000000000010374f       0x65 binaries/ready.o
                0x000000000010374f                ready
 .text          0x00000000001037b4       0x5a binaries/receive.o
                0x00000000001037b4                receive
 .text          0x000000000010380e       0x49 binaries/recvclr.o
                0x000000000010380e                recvclr
 .text          0x0000000000103857       0xb4 binaries/recvtime.o
                0x0000000000103857                recvtime
 .text          0x000000000010390b      0x1c3 binaries/resched.o
                0x000000000010390b                resched
                0x0000000000103a5c                resched_cntl
 .text          0x0000000000103ace       0x80 binaries/resume.o
                0x0000000000103ace                resume
 .text          0x0000000000103b4e       0x59 binaries/seek.o
                0x0000000000103b4e                seek
 .text          0x0000000000103ba7       0x51 binaries/semcount.o
                0x0000000000103ba7                semcount
 .text          0x0000000000103bf8       0x93 binaries/semcreate.o
                0x0000000000103bf8                semcreate
 .text          0x0000000000103c8b       0xd1 binaries/semdelete.o
                0x0000000000103c8b                semdelete
 .text          0x0000000000103d5c       0xa8 binaries/semreset.o
                0x0000000000103d5c                semreset
 .text          0x0000000000103e04       0xb6 binaries/send.o
                0x0000000000103e04                send
 .text          0x0000000000103eba       0x95 binaries/signal.o
                0x0000000000103eba                signal
 .text          0x0000000000103f4f       0xc2 binaries/signaln.o
                0x0000000000103f4f                signaln
 .text          0x0000000000104011       0xc0 binaries/sleep.o
                0x0000000000104011                sleepms
                0x000000000010409b                sleep
 .text          0x00000000001040d1       0x84 binaries/stackdepth.o
                0x00000000001040d1                stackdepth
 .text          0x0000000000104155      0x199 binaries/stacktrace.o
                0x0000000000104155                stacktrace
 .text          0x00000000001042ee       0xb2 binaries/suspend.o
                0x00000000001042ee                suspend
 .text          0x00000000001043a0       0x92 binaries/unsleep.o
                0x00000000001043a0                unsleep
 .text          0x0000000000104432       0x19 binaries/userret.o
                0x0000000000104432                userret
 .text          0x000000000010444b       0xb2 binaries/wait.o
                0x000000000010444b                wait
 .text          0x00000000001044fd       0x71 binaries/wakeup.o
                0x00000000001044fd                wakeup
 .text          0x000000000010456e       0x5c binaries/write.o
                0x000000000010456e                write
 .text          0x00000000001045ca       0x1a binaries/xdone.o
                0x00000000001045ca                xdone
 .text          0x00000000001045e4       0x26 binaries/yield.o
                0x00000000001045e4                yield
 .text          0x000000000010460a       0x11 binaries/abs.o
                0x000000000010460a                abs
 .text          0x000000000010461b       0x84 binaries/atoi.o
                0x000000000010461b                atoi
 .text          0x000000000010469f       0x84 binaries/atol.o
                0x000000000010469f                atol
 .text          0x0000000000104723       0x1a binaries/bzero.o
                0x0000000000104723                bzero
 .text          0x000000000010473d        0x0 binaries/ctype_.o
 .text          0x000000000010473d      0x6bf binaries/doprnt.o
                0x0000000000104890                _doprnt
 .text          0x0000000000104dfc      0x5f2 binaries/doscan.o
                0x0000000000104dfc                _doscan
 .text          0x00000000001053ee      0x64e binaries/fdoprnt.o
                0x0000000000105473                _fdoprnt
 .text          0x0000000000105a3c       0x1c binaries/fgetc.o
                0x0000000000105a3c                fgetc
 .text          0x0000000000105a58       0x61 binaries/fgets.o
                0x0000000000105a58                fgets
 .text          0x0000000000105ab9       0x21 binaries/fprintf.o
                0x0000000000105ab9                fprintf
 .text          0x0000000000105ada       0x27 binaries/fputc.o
                0x0000000000105ada                fputc
 .text          0x0000000000105b01       0x3a binaries/fputs.o
                0x0000000000105b01                fputs
 .text          0x0000000000105b3b       0x6a binaries/fscanf.o
                0x0000000000105b79                fscanf
 .text          0x0000000000105ba5       0x20 binaries/getchar.o
                0x0000000000105ba5                getchar
 .text          0x0000000000105bc5       0x11 binaries/labs.o
                0x0000000000105bc5                labs
 .text          0x0000000000105bd6       0x36 binaries/memchr.o
                0x0000000000105bd6                memchr
 .text          0x0000000000105c0c       0x4a binaries/memcmp.o
                0x0000000000105c0c                memcmp
 .text          0x0000000000105c56       0x26 binaries/memcpy.o
                0x0000000000105c56                memcpy
 .text          0x0000000000105c7c       0x1f binaries/memset.o
                0x0000000000105c7c                memset
 .text          0x0000000000105c9b       0x31 binaries/printf.o
                0x0000000000105c9b                printf
 .text          0x0000000000105ccc       0x23 binaries/putchar.o
                0x0000000000105ccc                putchar
 .text          0x0000000000105cef      0x1cc binaries/qsort.o
                0x0000000000105e93                qsort
 .text          0x0000000000105ebb       0x4c binaries/rand.o
                0x0000000000105ebb                srand
                0x0000000000105ec8                rand
 .text          0x0000000000105f07       0x48 binaries/sprintf.o
                0x0000000000105f20                sprintf
 .text          0x0000000000105f4f       0x5a binaries/sscanf.o
                0x0000000000105f7f                sscanf
 .text          0x0000000000105fa9       0x2f binaries/strchr.o
                0x0000000000105fa9                strchr
 .text          0x0000000000105fd8       0x45 binaries/strcmp.o
                0x0000000000105fd8                strcmp
 .text          0x000000000010601d       0x1c binaries/strcpy.o
                0x000000000010601d                strcpy
 .text          0x0000000000106039       0x20 binaries/strlen.o
                0x0000000000106039                strlen
 .text          0x0000000000106059       0x3d binaries/strncat.o
                0x0000000000106059                strncat
 .text          0x0000000000106096       0x3b binaries/strncmp.o
                0x0000000000106096                strncmp
 .text          0x00000000001060d1       0x59 binaries/strncpy.o
                0x00000000001060d1                strncpy
 .text          0x000000000010612a       0x38 binaries/strnlen.o
                0x000000000010612a                strnlen
 .text          0x0000000000106162       0x32 binaries/strrchr.o
                0x0000000000106162                strrchr
 .text          0x0000000000106194       0x68 binaries/strstr.o
                0x0000000000106194                strstr
 .text          0x00000000001061fc      0x112 binaries/ttycontrol.o
                0x00000000001061fc                ttycontrol
 .text          0x000000000010630e       0xb0 binaries/ttygetc.o
                0x000000000010630e                ttygetc
 .text          0x00000000001063be      0x4a3 binaries/ttyhandle_in.o
                0x0000000000106482                ttyhandle_in
 .text          0x0000000000106861      0x178 binaries/ttyhandle_out.o
                0x0000000000106861                ttyhandle_out
 .text          0x00000000001069d9       0x85 binaries/ttyhandler.o
                0x00000000001069d9                ttyhandler
 .text          0x0000000000106a5e      0x15d binaries/ttyinit.o
                0x0000000000106a5e                ttyinit
 .text          0x0000000000106bbb        0xf binaries/ttykickout.o
                0x0000000000106bbb                ttykickout
 .text          0x0000000000106bca       0xb2 binaries/ttyputc.o
                0x0000000000106bca                ttyputc
 .text          0x0000000000106c7c       0xff binaries/ttyread.o
                0x0000000000106c7c                ttyread
 .text          0x0000000000106d7b       0x4d binaries/ttywrite.o
                0x0000000000106d7b                ttywrite
 .text          0x0000000000106dc8      0x129 binaries/mount.o
                0x0000000000106dc8                namlen
                0x0000000000106e04                mount
 .text          0x0000000000106ef1      0x1c4 binaries/naminit.o
                0x0000000000106ef1                naminit
 .text          0x00000000001070b5      0x1fe binaries/nammap.o
                0x00000000001070b5                namrepl
                0x00000000001071d8                namcpy
                0x0000000000107226                nammap
 .text          0x00000000001072b3       0x44 binaries/namopen.o
                0x00000000001072b3                namopen
 .text          0x00000000001072f7       0xd4 binaries/colon2mac.o
                0x00000000001072f7                colon2mac
 .text          0x00000000001073cb       0x7d binaries/ethcontrol.o
                0x00000000001073cb                ethcontrol
 .text          0x0000000000107448      0x17e binaries/ethhandler.o
                0x0000000000107448                ethhandler
 .text          0x00000000001075c6      0x548 binaries/ethinit.o
                0x00000000001075c6                eth_phy_read
                0x0000000000107606                eth_phy_write
                0x0000000000107647                eth_phy_reset
                0x0000000000107721                ethinit
 .text          0x0000000000107b0e      0x107 binaries/ethmcast.o
                0x0000000000107b0e                ethmcast_add
                0x0000000000107b5a                ethmcast_remove
 .text          0x0000000000107c15      0x172 binaries/ethread.o
                0x0000000000107c15                ethread
 .text          0x0000000000107d87       0xc1 binaries/ethwrite.o
                0x0000000000107d87                ethwrite
 .text          0x0000000000107e48       0x68 binaries/rdsbufalloc.o
                0x0000000000107e48                rdsbufalloc
 .text          0x0000000000107eb0       0xd6 binaries/rdsclose.o
                0x0000000000107eb0                rdsclose
 .text          0x0000000000107f86      0x1df binaries/rdscomm.o
                0x0000000000107f86                rdscomm
 .text          0x0000000000108165      0x1c4 binaries/rdscontrol.o
                0x0000000000108165                rdscontrol
 .text          0x0000000000108329      0x1f7 binaries/rdsinit.o
                0x0000000000108329                rdsinit
 .text          0x0000000000108520      0x199 binaries/rdsopen.o
                0x0000000000108520                rdsopen
 .text          0x00000000001086b9      0x2c5 binaries/rdsprocess.o
                0x00000000001086b9                rdsprocess
 .text          0x000000000010897e      0x1d8 binaries/rdsread.o
                0x000000000010897e                rdsread
 .text          0x0000000000108b56      0x1ae binaries/rdswrite.o
                0x0000000000108b56                rdswrite
 .text          0x0000000000108d04        0xa binaries/ramclose.o
                0x0000000000108d04                ramclose
 .text          0x0000000000108d0e       0x35 binaries/raminit.o
                0x0000000000108d0e                raminit
 .text          0x0000000000108d43        0xa binaries/ramopen.o
                0x0000000000108d43                ramopen
 .text          0x0000000000108d4d       0x26 binaries/ramread.o
                0x0000000000108d4d                ramread
 .text          0x0000000000108d73       0x26 binaries/ramwrite.o
                0x0000000000108d73                ramwrite
 .text          0x0000000000108d99       0x87 binaries/lfdballoc.o
                0x0000000000108d99                lfdballoc
 .text          0x0000000000108e20       0x49 binaries/lfdbfree.o
                0x0000000000108e20                lfdbfree
 .text          0x0000000000108e69       0xa1 binaries/lfflush.o
                0x0000000000108e69                lfflush
 .text          0x0000000000108f0a       0x82 binaries/lfgetmode.o
                0x0000000000108f0a                lfgetmode
 .text          0x0000000000108f8c       0x60 binaries/lfiballoc.o
                0x0000000000108f8c                lfiballoc
 .text          0x0000000000108fec       0x27 binaries/lfibclear.o
                0x0000000000108fec                lfibclear
 .text          0x0000000000109013       0x6c binaries/lfibget.o
                0x0000000000109013                lfibget
 .text          0x000000000010907f       0x88 binaries/lfibput.o
                0x000000000010907f                lfibput
 .text          0x0000000000109107       0xa4 binaries/lflclose.o
                0x0000000000109107                lflclose
 .text          0x00000000001091ab       0xc2 binaries/lflcontrol.o
                0x00000000001091ab                lflcontrol
 .text          0x000000000010926d       0xfd binaries/lflgetc.o
                0x000000000010926d                lflgetc
 .text          0x000000000010936a       0xe7 binaries/lflinit.o
                0x000000000010936a                lflinit
 .text          0x0000000000109451      0x12f binaries/lflputc.o
                0x0000000000109451                lflputc
 .text          0x0000000000109580       0x6b binaries/lflread.o
                0x0000000000109580                lflread
 .text          0x00000000001095eb       0xbd binaries/lflseek.o
                0x00000000001095eb                lflseek
 .text          0x00000000001096a8       0x52 binaries/lflwrite.o
                0x00000000001096a8                lflwrite
 .text          0x00000000001096fa      0x114 binaries/lfsckfmt.o
                0x00000000001096fa                lfsckfmt
 .text          0x000000000010980e      0x1e6 binaries/lfscreate.o
                0x000000000010980e                lfscreate
 .text          0x00000000001099f4      0x1b1 binaries/lfsetup.o
                0x00000000001099f4                lfsetup
 .text          0x0000000000109ba5       0x45 binaries/lfsinit.o
                0x0000000000109ba5                lfsinit
 .text          0x0000000000109bea      0x302 binaries/lfsopen.o
                0x0000000000109bea                lfsopen
 .text          0x0000000000109eec      0x112 binaries/lftruncate.o
                0x0000000000109eec                lftruncate
 .text          0x0000000000109ffe       0x69 binaries/rflclose.o
                0x0000000000109ffe                rflclose
 .text          0x000000000010a067       0x29 binaries/rflgetc.o
                0x000000000010a067                rflgetc
 .text          0x000000000010a090       0x6c binaries/rflinit.o
                0x000000000010a090                rflinit
 .text          0x000000000010a0fc       0x29 binaries/rflputc.o
                0x000000000010a0fc                rflputc
 .text          0x000000000010a125      0x2b6 binaries/rflread.o
                0x000000000010a125                rflread
 .text          0x000000000010a3db       0x68 binaries/rflseek.o
                0x000000000010a3db                rflseek
 .text          0x000000000010a443      0x2fa binaries/rflwrite.o
                0x000000000010a443                rflwrite
 .text          0x000000000010a73d      0x17d binaries/rfscomm.o
                0x000000000010a73d                rfscomm
 .text          0x000000000010a8ba      0x22b binaries/rfscontrol.o
                0x000000000010a8ba                rfscontrol
 .text          0x000000000010aae5       0x82 binaries/rfsgetmode.o
                0x000000000010aae5                rfsgetmode
 .text          0x000000000010ab67       0x7e binaries/rfsinit.o
                0x000000000010ab67                rfsinit
 .text          0x000000000010abe5       0xad binaries/rfsndmsg.o
                0x000000000010abe5                rfsndmsg
 .text          0x000000000010ac92      0x243 binaries/rfsopen.o
                0x000000000010ac92                rfsopen
 .text          0x000000000010aed5      0x626 binaries/arp.o
                0x000000000010aed5                arp_init
                0x000000000010aef1                arp_alloc
                0x000000000010af98                arp_ntoh
                0x000000000010b005                arp_hton
                0x000000000010b072                arp_resolve
                0x000000000010b2c3                arp_in
 .text          0x000000000010b4fb      0x5ed binaries/dhcp.o
                0x000000000010b4fb                dhcp_get_opt_val
                0x000000000010b54f                dhcp_bld_bootp_msg
                0x000000000010b621                dhcp_bld_disc
                0x000000000010b673                dhcp_bld_req
                0x000000000010b70e                getlocalip
 .text          0x000000000010bae8       0xda binaries/dot2ip.o
                0x000000000010bae8                dot2ip
 .text          0x000000000010bbc2      0x38c binaries/hexdump.o
                0x000000000010bbc2                hexdump
                0x000000000010bd1c                hexadump
 .text          0x000000000010bf4e      0x6f6 binaries/icmp.o
                0x000000000010bf4e                icmp_init
                0x000000000010bf6a                icmp_register
                0x000000000010c028                icmp_recv
                0x000000000010c1cb                icmp_mkpkt
                0x000000000010c298                icmp_in
                0x000000000010c432                icmp_send
                0x000000000010c4a1                icmp_release
                0x000000000010c5bc                icmp_cksum
                0x000000000010c616                icmp_hton
                0x000000000010c62d                icmp_ntoh
 .text          0x000000000010c644      0x5e2 binaries/ip.o
                0x000000000010c644                ip_local
                0x000000000010c684                ipcksum
                0x000000000010c6da                ip_ntoh
                0x000000000010c747                ip_in
                0x000000000010c86c                ip_hton
                0x000000000010c8d9                ip_out
                0x000000000010c98f                ip_send
                0x000000000010ca9a                ipout
                0x000000000010cb8d                ip_enqueue
 .text          0x000000000010cc26      0x1b2 binaries/net.o
                0x000000000010cc26                net_init
                0x000000000010cd1d                eth_hton
                0x000000000010cd2a                eth_ntoh
                0x000000000010cd37                netin
 .text          0x000000000010cdd8       0xb9 binaries/netstart.o
                0x000000000010cdd8                netstart
 .text          0x000000000010ce91      0xa30 binaries/pdump.o
                0x000000000010ce91                pdump
                0x000000000010d476                pdumph
 .text          0x000000000010d8c1      0x5b8 binaries/tftp.o
                0x000000000010d8c1                tftp_send1
                0x000000000010d9d5                tftpget_mb
                0x000000000010de56                tftpget
 .text          0x000000000010de79      0xa17 binaries/udp.o
                0x000000000010de79                udp_init
                0x000000000010deba                udp_in
                0x000000000010dfe3                udp_register
                0x000000000010e0f4                udp_recv
                0x000000000010e28d                udp_recvaddr
                0x000000000010e43a                udp_send
                0x000000000010e5e8                udp_sendto
                0x000000000010e751                udp_release
                0x000000000010e862                udp_ntoh
                0x000000000010e879                udp_hton
 .text          0x000000000010e890      0x114 binaries/addargs.o
                0x000000000010e890                addargs
 .text          0x000000000010e9a4      0x1db binaries/lexan.o
                0x000000000010e9a4                lexan
 .text          0x000000000010eb7f      0x645 binaries/shell.o
                0x000000000010eb7f                shell
 .text          0x000000000010f1c4       0x59 binaries/xsh_argecho.o
                0x000000000010f1c4                xsh_argecho
 .text          0x000000000010f21d      0x1fb binaries/xsh_arp.o
                0x000000000010f21d                xsh_arp
 .text          0x000000000010f418      0x1ed binaries/xsh_cat.o
                0x000000000010f418                xsh_cat
 .text          0x000000000010f605       0x52 binaries/xsh_clear.o
                0x000000000010f605                xsh_clear
 .text          0x000000000010f657      0x287 binaries/xsh_date.o
                0x000000000010f657                xsh_date
 .text          0x000000000010f8de       0x83 binaries/xsh_devdump.o
                0x000000000010f8de                xsh_devdump
 .text          0x000000000010f961       0x63 binaries/xsh_echo.o
                0x000000000010f961                xsh_echo
 .text          0x000000000010f9c4        0xa binaries/xsh_exit.o
                0x000000000010f9c4                xsh_exit
 .text          0x000000000010f9ce      0x329 binaries/xsh_help.o
                0x000000000010f9ce                xsh_help
 .text          0x000000000010fcf7      0x373 binaries/xsh_ipaddr.o
                0x000000000010fcf7                xsh_ipaddr
 .text          0x000000000011006a      0x1c0 binaries/xsh_kill.o
                0x000000000011006a                xsh_kill
 .text          0x000000000011022a      0x3cf binaries/xsh_memdump.o
                0x00000000001102f0                xsh_memdump
 .text          0x00000000001105f9      0x1d2 binaries/xsh_memstat.o
                0x00000000001105f9                xsh_memstat
 .text          0x00000000001107cb      0x297 binaries/xsh_ping.o
                0x00000000001107cb                xsh_ping
 .text          0x0000000000110a62      0x1a2 binaries/xsh_ps.o
                0x0000000000110a62                xsh_ps
 .text          0x0000000000110c04      0x1b2 binaries/xsh_sleep.o
                0x0000000000110c04                xsh_sleep
 .text          0x0000000000110db6      0x1c9 binaries/xsh_udpdump.o
                0x0000000000110db6                xsh_udpdump
 .text          0x0000000000110f7f      0x3cb binaries/xsh_udpecho.o
                0x0000000000110f7f                xsh_udpecho
 .text          0x000000000011134a      0x20e binaries/xsh_udpeserver.o
                0x000000000011134a                xsh_udpeserver
 .text          0x0000000000111558      0x1b6 binaries/xsh_uptime.o
                0x0000000000111558                xsh_uptime
 .text          0x000000000011170e        0xe binaries/clkdisp.o
                0x000000000011170e                clkdisp
 .text          0x000000000011171c       0x19 binaries/ctxsw.o
                0x000000000011171c                ctxsw
 .text          0x0000000000111735        0xf binaries/host2netla.o
                0x0000000000111735                host2netla
 .text          0x0000000000111744       0x2f binaries/host2netlc.o
                0x0000000000111744                host2netlc
 .text          0x0000000000111773      0x36b binaries/intr.o
                0x0000000000111773                disable
                0x000000000011177c                restore
                0x000000000011178a                enable
                0x000000000011178c                pause
                0x0000000000111793                halt
                0x0000000000111799                spurious_irq7
                0x000000000011179e                spurious_irq15
                0x00000000001117ad                _Xint0
                0x00000000001117b8                _Xint1
                0x00000000001117c3                _Xint2
                0x00000000001117ce                _Xint3
                0x00000000001117d9                _Xint4
                0x00000000001117e4                _Xint5
                0x00000000001117ef                _Xint6
                0x00000000001117fa                _Xint7
                0x0000000000111805                _Xint8
                0x0000000000111810                _Xint9
                0x000000000011181b                _Xint10
                0x0000000000111826                _Xint11
                0x0000000000111834                _Xint12
                0x0000000000111842                _Xint13
                0x0000000000111850                _Xint14
                0x000000000011185e                _Xint15
                0x000000000011186c                _Xint16
                0x000000000011187a                _Xint17
                0x0000000000111888                _Xint18
                0x0000000000111896                _Xint19
                0x00000000001118a4                _Xint20
                0x00000000001118b2                _Xint21
                0x00000000001118c0                _Xint22
                0x00000000001118ce                _Xint23
                0x00000000001118dc                _Xint24
                0x00000000001118ea                _Xint25
                0x00000000001118f8                _Xint26
                0x0000000000111906                _Xint27
                0x0000000000111914                _Xint28
                0x0000000000111922                _Xint29
                0x0000000000111930                _Xint30
                0x000000000011193e                _Xint31
                0x000000000011194c                _Xint32
                0x000000000011195a                _Xint33
                0x0000000000111968                _Xint34
                0x0000000000111976                _Xint35
                0x0000000000111984                _Xint36
                0x0000000000111992                _Xint37
                0x00000000001119a0                _Xint38
                0x00000000001119ae                _Xint39
                0x00000000001119bc                _Xint40
                0x00000000001119ca                _Xint41
                0x00000000001119d8                _Xint42
                0x00000000001119e6                _Xint43
                0x00000000001119f4                _Xint44
                0x0000000000111a02                _Xint45
                0x0000000000111a10                _Xint46
                0x0000000000111a1e                defevec
 .text          0x0000000000111ade        0xf binaries/ttydispatch.o
                0x0000000000111ade                ttydispatch
 .text          0x0000000000111aed       0x13 binaries/ethdispatch.o
                0x0000000000111aed                ethdispatch
 *(.rodata .rodata.*)
 .rodata.str1.1
                0x0000000000111b00       0x2a binaries/app1.o
 .rodata.str1.1
                0x0000000000111b2a       0x2e binaries/app2.o
 .rodata.str1.1
                0x0000000000111b58       0x78 binaries/app3.o
 .rodata.str1.1
                0x0000000000111bd0       0x12 binaries/app_lim.o
 *fill*         0x0000000000111be2        0x2 
 .rodata.str1.4
                0x0000000000111be4       0x25 binaries/app_unlim.o
 .rodata.str1.1
                0x0000000000111c09       0x54 binaries/ascdate.o
 *fill*         0x0000000000111c5d        0x3 
 .rodata.str1.4
                0x0000000000111c60       0x22 binaries/ascdate.o
 .rodata.str1.1
                0x0000000000111c82       0x5f binaries/conf.o
 *fill*         0x0000000000111ce1        0x3 
 .rodata.str1.4
                0x0000000000111ce4       0x9c binaries/cpubound.o
 .rodata.str1.4
                0x0000000000111d80       0x4f binaries/early_imr.o
 *fill*         0x0000000000111dcf        0x1 
 .rodata        0x0000000000111dd0       0x33 binaries/early_imr.o
 .rodata.str1.1
                0x0000000000111e03      0x20c binaries/evec.o
 *fill*         0x000000000011200f        0x1 
 .rodata.str1.4
                0x0000000000112010       0x23 binaries/evec.o
 .rodata.str1.1
                0x0000000000112033       0x11 binaries/f1.o
 .rodata.str1.4
                0x0000000000112044       0x24 binaries/f1.o
 .rodata.str1.1
                0x0000000000112068        0xb binaries/getutime.o
 *fill*         0x0000000000112073        0x1 
 .rodata.str1.4
                0x0000000000112074       0x54 binaries/getutime.o
 .rodata.str1.1
                0x00000000001120c8       0x63 binaries/initialize.o
                                         0x67 (size before relaxing)
 *fill*         0x000000000011212b        0x1 
 .rodata.str1.4
                0x000000000011212c       0xd4 binaries/initialize.o
 .rodata.str1.4
                0x0000000000112200       0x74 binaries/iobound.o
 .rodata        0x0000000000112200       0x20 binaries/kill.o
 .rodata.str1.1
                0x0000000000112220       0xdf binaries/lab2q3.o
 .rodata.str1.1
                0x00000000001122ff       0x21 binaries/lab2q4.o
 .rodata.str1.1
                0x0000000000112320       0x11 binaries/lab2q5.o
 .rodata        0x0000000000112320       0x18 binaries/lab2q5.o
 .rodata.str1.1
                0x0000000000112338       0x25 binaries/main.o
 *fill*         0x000000000011235d        0x3 
 .rodata.str1.4
                0x0000000000112360      0x16b binaries/main.o
 *fill*         0x00000000001124cb        0x1 
 .rodata.str1.4
                0x00000000001124cc       0x23 binaries/meminit.o
 .rodata.str1.1
                0x00000000001124ef       0x1b binaries/meminit.o
 .rodata.str1.1
                0x000000000011250a       0x5a binaries/myappA.o
 .rodata.str1.4
                0x0000000000112564       0x55 binaries/myappA.o
 .rodata.str1.1
                0x00000000001125b9        0xf binaries/myfuncA.o
 *fill*         0x00000000001125b9        0x3 
 .rodata.str1.4
                0x00000000001125bc       0x35 binaries/myfuncA.o
                                         0x6d (size before relaxing)
 *fill*         0x00000000001125f1        0x3 
 .rodata.str1.4
                0x00000000001125f4       0x50 binaries/myhacker.o
 .rodata.str1.1
                0x0000000000112644       0x15 binaries/myhacker.o
 .rodata.str1.1
                0x0000000000112659       0x15 binaries/myvictim.o
 *fill*         0x000000000011266e        0x2 
 .rodata.str1.4
                0x0000000000112670       0x29 binaries/myvictim.o
                                         0x51 (size before relaxing)
 *fill*         0x0000000000112699        0x3 
 .rodata.str1.4
                0x000000000011269c       0x4a binaries/mywelcomemsg.o
 .rodata.str1.1
                0x00000000001126e6        0xf binaries/panic.o
 .rodata.str1.1
                0x00000000001126f5       0x2c binaries/printprstate.o
 *fill*         0x0000000000112721        0x3 
 .rodata.str1.4
                0x0000000000112724      0x130 binaries/printprstate.o
 .rodata        0x0000000000112854       0x1c binaries/printprstate.o
 .rodata.str1.1
                0x0000000000112870       0xa5 binaries/prntsegaddr.o
 *fill*         0x0000000000112915        0x3 
 .rodata.str1.4
                0x0000000000112918       0x81 binaries/prntsegaddr.o
 .rodata.str1.1
                0x0000000000112999       0x1c binaries/ptinit.o
 *fill*         0x00000000001129b5        0x3 
 .rodata.str1.4
                0x00000000001129b8       0x25 binaries/ptsend.o
 .rodata.str1.1
                0x00000000001129dd       0x22 binaries/quark_pdat.o
 .rodata.str1.1
                0x00000000001129ff       0x16 binaries/stackdepth.o
 *fill*         0x0000000000112a15        0x3 
 .rodata.str1.4
                0x0000000000112a18       0x33 binaries/stackdepth.o
 *fill*         0x0000000000112a4b        0x1 
 .rodata.str1.4
                0x0000000000112a4c       0x63 binaries/stacktrace.o
 .rodata.str1.1
                0x0000000000112aaf       0x52 binaries/stacktrace.o
 *fill*         0x0000000000112b01        0x3 
 .rodata.str1.4
                0x0000000000112b04       0x27 binaries/xdone.o
 *fill*         0x0000000000112b2b       0x15 
 .rodata        0x0000000000112b40       0x81 binaries/ctype_.o
                0x0000000000112b40                _ctype_
 .rodata.str1.1
                0x0000000000112bc1       0x29 binaries/doprnt.o
 *fill*         0x0000000000112bea        0x2 
 .rodata        0x0000000000112bec       0xc4 binaries/doprnt.o
 .rodata        0x0000000000112cb0       0x98 binaries/doscan.o
 .rodata.str1.1
                0x0000000000112d48       0x29 binaries/fdoprnt.o
 .rodata        0x0000000000112d48       0x84 binaries/fdoprnt.o
 .rodata        0x0000000000112dcc       0x20 binaries/ttycontrol.o
 .rodata.str1.4
                0x0000000000112dec       0x4c binaries/naminit.o
 .rodata.str1.1
                0x0000000000112e38       0x32 binaries/naminit.o
                                         0x35 (size before relaxing)
 .rodata.str1.1
                0x0000000000112e6a       0x15 binaries/ethinit.o
 *fill*         0x0000000000112e7f        0x1 
 .rodata.str1.4
                0x0000000000112e80       0x2e binaries/ethinit.o
 *fill*         0x0000000000112eae        0x2 
 .rodata.str1.4
                0x0000000000112eb0       0x2c binaries/rdsbufalloc.o
 .rodata.str1.4
                0x0000000000112edc       0x76 binaries/rdscomm.o
 *fill*         0x0000000000112f52        0x2 
 .rodata.str1.4
                0x0000000000112f54       0x48 binaries/rdscontrol.o
 .rodata.str1.4
                0x0000000000112f9c       0x7e binaries/rdsinit.o
 .rodata.str1.1
                0x000000000011301a       0x18 binaries/rdsinit.o
 *fill*         0x0000000000113032        0x2 
 .rodata.str1.4
                0x0000000000113034       0x22 binaries/rdsopen.o
 *fill*         0x0000000000113056        0x2 
 .rodata.str1.4
                0x0000000000113058       0x4d binaries/rdsprocess.o
 .rodata.str1.1
                0x00000000001130a5        0x9 binaries/raminit.o
 .rodata.str1.1
                0x00000000001130ae       0x13 binaries/lfdballoc.o
 *fill*         0x00000000001130c1        0x3 
 .rodata.str1.4
                0x00000000001130c4       0x23 binaries/lfdballoc.o
 .rodata.str1.1
                0x00000000001130e7       0x14 binaries/lfiballoc.o
 *fill*         0x00000000001130fb        0x1 
 .rodata.str1.4
                0x00000000001130fc       0x23 binaries/lflcontrol.o
 .rodata.str1.1
                0x000000000011311f       0x64 binaries/lfsckfmt.o
 *fill*         0x0000000000113183        0x1 
 .rodata.str1.4
                0x0000000000113184       0x51 binaries/lfsckfmt.o
 *fill*         0x00000000001131d5        0x3 
 .rodata.str1.4
                0x00000000001131d8       0x21 binaries/rflread.o
 .rodata.str1.4
                0x00000000001131f9       0x21 binaries/rflwrite.o
 *fill*         0x00000000001131f9        0x3 
 .rodata.str1.4
                0x00000000001131fc       0x75 binaries/rfscomm.o
 *fill*         0x0000000000113271        0x3 
 .rodata.str1.4
                0x0000000000113274       0x23 binaries/rfscontrol.o
 *fill*         0x0000000000113297        0x1 
 .rodata        0x0000000000113298       0x18 binaries/rfscontrol.o
 .rodata.str1.1
                0x00000000001132b0       0x10 binaries/rfsinit.o
 .rodata.str1.4
                0x00000000001132b0       0x57 binaries/rfsinit.o
 *fill*         0x0000000000113307        0x1 
 .rodata.str1.4
                0x0000000000113308       0x2a binaries/rfsndmsg.o
 .rodata.str1.4
                0x0000000000113332       0x22 binaries/rfsopen.o
 .rodata.str1.1
                0x0000000000113332       0x19 binaries/arp.o
 *fill*         0x000000000011334b        0x1 
 .rodata.str1.4
                0x000000000011334c       0x21 binaries/arp.o
 *fill*         0x000000000011336d        0x3 
 .rodata.str1.4
                0x0000000000113370       0xa6 binaries/dhcp.o
 .rodata.str1.1
                0x0000000000113416       0x4a binaries/dhcp.o
 .rodata.str1.1
                0x0000000000113460       0x5a binaries/hexdump.o
                                         0x61 (size before relaxing)
 *fill*         0x00000000001134ba        0x2 
 .rodata.str1.4
                0x00000000001134bc       0x67 binaries/hexdump.o
 *fill*         0x0000000000113523        0x1 
 .rodata.str1.4
                0x0000000000113524       0x29 binaries/icmp.o
 .rodata.str1.1
                0x000000000011354d       0x4e binaries/ip.o
 *fill*         0x000000000011359b        0x1 
 .rodata.str1.4
                0x000000000011359c       0x20 binaries/ip.o
 .rodata.str1.4
                0x00000000001135bc       0x28 binaries/net.o
 .rodata.str1.1
                0x00000000001135e4       0x27 binaries/net.o
 *fill*         0x000000000011360b        0x1 
 .rodata.str1.4
                0x000000000011360c       0xcf binaries/netstart.o
 .rodata.str1.1
                0x00000000001136db      0x13e binaries/pdump.o
                                        0x14b (size before relaxing)
 *fill*         0x0000000000113819        0x3 
 .rodata.str1.4
                0x000000000011381c      0x126 binaries/pdump.o
 *fill*         0x0000000000113942        0x2 
 .rodata.str1.4
                0x0000000000113944      0x148 binaries/tftp.o
 .rodata.str1.1
                0x0000000000113a8c        0x6 binaries/tftp.o
                                          0xa (size before relaxing)
 .rodata.str1.1
                0x0000000000113a92       0xd1 binaries/shell.o
                                         0xed (size before relaxing)
 *fill*         0x0000000000113b63        0x1 
 .rodata.str1.4
                0x0000000000113b64      0x1c4 binaries/shell.o
                                        0x210 (size before relaxing)
 *fill*         0x0000000000113d28       0x18 
 .rodata        0x0000000000113d40       0xfc binaries/shell.o
                0x0000000000113d40                cmdtab
 .rodata.str1.1
                0x0000000000113e3c       0x26 binaries/xsh_argecho.o
                                         0x28 (size before relaxing)
 .rodata.str1.1
                0x0000000000113e62       0x70 binaries/xsh_arp.o
                                         0x72 (size before relaxing)
 *fill*         0x0000000000113ed2        0x2 
 .rodata.str1.4
                0x0000000000113ed4       0xb4 binaries/xsh_arp.o
 .rodata.str1.1
                0x0000000000113f88       0x2d binaries/xsh_cat.o
                                         0x4f (size before relaxing)
 *fill*         0x0000000000113fb5        0x3 
 .rodata.str1.4
                0x0000000000113fb8       0x52 binaries/xsh_cat.o
                                         0x79 (size before relaxing)
 .rodata.str1.1
                0x000000000011400a       0x15 binaries/xsh_clear.o
 .rodata.str1.1
                0x000000000011401f       0x46 binaries/xsh_date.o
                                         0x5f (size before relaxing)
 *fill*         0x0000000000114065        0x3 
 .rodata.str1.4
                0x0000000000114068      0x163 binaries/xsh_date.o
 .rodata.str1.1
                0x00000000001141cb       0x5d binaries/xsh_devdump.o
 .rodata.str1.1
                0x0000000000114228       0x5d binaries/xsh_echo.o
                                          0x9 (size before relaxing)
 .rodata.str1.1
                0x0000000000114228       0x65 binaries/xsh_help.o
                                         0xa3 (size before relaxing)
 *fill*         0x000000000011428d        0x3 
 .rodata.str1.4
                0x0000000000114290       0x7c binaries/xsh_help.o
                                         0xc6 (size before relaxing)
 .rodata.str1.1
                0x000000000011430c       0x9c binaries/xsh_ipaddr.o
                                         0xf8 (size before relaxing)
 .rodata.str1.4
                0x00000000001143a8       0x4d binaries/xsh_ipaddr.o
                                         0x99 (size before relaxing)
 .rodata.str1.1
                0x00000000001143f5       0x78 binaries/xsh_kill.o
                                         0x97 (size before relaxing)
 *fill*         0x000000000011446d        0x3 
 .rodata.str1.4
                0x0000000000114470       0x4a binaries/xsh_kill.o
                                         0x96 (size before relaxing)
 .rodata.str1.1
                0x00000000001144ba       0x84 binaries/xsh_memdump.o
                                         0xa8 (size before relaxing)
 *fill*         0x000000000011453e        0x2 
 .rodata.str1.4
                0x0000000000114540      0x15a binaries/xsh_memdump.o
                                        0x1aa (size before relaxing)
 .rodata.str1.1
                0x000000000011469a       0x40 binaries/xsh_memstat.o
                                         0x79 (size before relaxing)
 *fill*         0x00000000001146da        0x2 
 .rodata.str1.4
                0x00000000001146dc      0x187 binaries/xsh_memstat.o
                                        0x1af (size before relaxing)
 .rodata.str1.1
                0x0000000000114863       0x90 binaries/xsh_ping.o
                                         0xaf (size before relaxing)
 *fill*         0x00000000001148f3        0x1 
 .rodata.str1.4
                0x00000000001148f4       0x77 binaries/xsh_ping.o
                                         0xc6 (size before relaxing)
 .rodata.str1.1
                0x000000000011496b       0x74 binaries/xsh_ps.o
                                         0xd5 (size before relaxing)
 *fill*         0x00000000001149df        0x1 
 .rodata.str1.4
                0x00000000001149e0       0x80 binaries/xsh_ps.o
                                         0xd0 (size before relaxing)
 .rodata        0x0000000000114a60       0x20 binaries/xsh_ps.o
 .rodata.str1.1
                0x0000000000114a80       0x31 binaries/xsh_sleep.o
                                         0x72 (size before relaxing)
 *fill*         0x0000000000114ab1        0x3 
 .rodata.str1.4
                0x0000000000114ab4       0x2a binaries/xsh_sleep.o
                                         0x7a (size before relaxing)
 .rodata.str1.1
                0x0000000000114ade       0x6b binaries/xsh_udpdump.o
                                         0xd2 (size before relaxing)
 *fill*         0x0000000000114b49        0x3 
 .rodata.str1.4
                0x0000000000114b4c       0x94 binaries/xsh_udpdump.o
                                         0xe4 (size before relaxing)
 .rodata.str1.1
                0x0000000000114be0       0xdb binaries/xsh_udpecho.o
                                         0xfa (size before relaxing)
 *fill*         0x0000000000114cbb        0x1 
 .rodata.str1.4
                0x0000000000114cbc       0xc7 binaries/xsh_udpecho.o
                                        0x116 (size before relaxing)
 .rodata.str1.1
                0x0000000000114d83       0x66 binaries/xsh_udpeserver.o
                                         0x8f (size before relaxing)
 *fill*         0x0000000000114de9        0x3 
 .rodata.str1.4
                0x0000000000114dec       0x29 binaries/xsh_udpeserver.o
                                         0x9f (size before relaxing)
 .rodata.str1.1
                0x0000000000114e15       0x49 binaries/xsh_uptime.o
                                         0x8c (size before relaxing)
 *fill*         0x0000000000114e5e        0x2 
 .rodata.str1.4
                0x0000000000114e60       0x28 binaries/xsh_uptime.o
                                         0x76 (size before relaxing)
                0x0000000000114e88                etext = ABSOLUTE (.)
                0x0000000000115000                . = ALIGN (0x1000)
 *fill*         0x0000000000114e88      0x178 

.eh_frame       0x0000000000115000     0x33d4
 .eh_frame      0x0000000000115000       0x38 binaries/app1.o
 .eh_frame      0x0000000000115038       0x20 binaries/app2.o
                                         0x38 (size before relaxing)
 .eh_frame      0x0000000000115058       0x20 binaries/app3.o
                                         0x38 (size before relaxing)
 .eh_frame      0x0000000000115078       0x40 binaries/app_lim.o
                                         0x58 (size before relaxing)
 .eh_frame      0x00000000001150b8       0x1c binaries/app_unlim.o
                                         0x34 (size before relaxing)
 .eh_frame      0x00000000001150d4       0x30 binaries/ascdate.o
                                         0x48 (size before relaxing)
 .eh_frame      0x0000000000115104       0x20 binaries/bufinit.o
                                         0x38 (size before relaxing)
 .eh_frame      0x0000000000115124       0x28 binaries/chprio.o
                                         0x40 (size before relaxing)
 .eh_frame      0x000000000011514c       0x20 binaries/clkhandler.o
                                         0x38 (size before relaxing)
 .eh_frame      0x000000000011516c       0x20 binaries/clkinit.o
                                         0x38 (size before relaxing)
 .eh_frame      0x000000000011518c       0x28 binaries/close.o
                                         0x40 (size before relaxing)
 .eh_frame      0x00000000001151b4       0x28 binaries/control.o
                                         0x40 (size before relaxing)
 .eh_frame      0x00000000001151dc       0x2c binaries/cpubound.o
                                         0x44 (size before relaxing)
 .eh_frame      0x0000000000115208       0x30 binaries/create.o
                                         0x48 (size before relaxing)
 .eh_frame      0x0000000000115238       0x94 binaries/early_imr.o
                                         0xac (size before relaxing)
 .eh_frame      0x00000000001152cc       0x94 binaries/evec.o
                                         0xac (size before relaxing)
 .eh_frame      0x0000000000115360       0x80 binaries/f1.o
                                         0x98 (size before relaxing)
 .eh_frame      0x00000000001153e0       0x2c binaries/freebuf.o
                                         0x44 (size before relaxing)
 .eh_frame      0x000000000011540c       0x2c binaries/freemem.o
                                         0x44 (size before relaxing)
 .eh_frame      0x0000000000115438       0x2c binaries/getbuf.o
                                         0x44 (size before relaxing)
 .eh_frame      0x0000000000115464       0x28 binaries/getc.o
                                         0x40 (size before relaxing)
 .eh_frame      0x000000000011548c       0x2c binaries/getdev.o
                                         0x44 (size before relaxing)
 .eh_frame      0x00000000001154b8       0x64 binaries/getitem.o
                                         0x7c (size before relaxing)
 .eh_frame      0x000000000011551c       0x28 binaries/getmem.o
                                         0x40 (size before relaxing)
 .eh_frame      0x0000000000115544       0x20 binaries/getpid.o
                                         0x38 (size before relaxing)
 .eh_frame      0x0000000000115564       0x20 binaries/getppid.o
                                         0x38 (size before relaxing)
 .eh_frame      0x0000000000115584       0x24 binaries/getprio.o
                                         0x3c (size before relaxing)
 .eh_frame      0x00000000001155a8       0x2c binaries/getstk.o
                                         0x44 (size before relaxing)
 .eh_frame      0x00000000001155d4       0x20 binaries/gettime.o
                                         0x38 (size before relaxing)
 .eh_frame      0x00000000001155f4       0x24 binaries/getutime.o
                                         0x3c (size before relaxing)
 .eh_frame      0x0000000000115618       0x20 binaries/host2netlb.o
                                         0x38 (size before relaxing)
 .eh_frame      0x0000000000115638       0x28 binaries/init.o
                                         0x40 (size before relaxing)
 .eh_frame      0x0000000000115660       0x5c binaries/initialize.o
                                         0x74 (size before relaxing)
 .eh_frame      0x00000000001156bc       0x28 binaries/insert.o
                                         0x40 (size before relaxing)
 .eh_frame      0x00000000001156e4       0x2c binaries/insertd.o
                                         0x44 (size before relaxing)
 .eh_frame      0x0000000000115710       0x2c binaries/iobound.o
                                         0x44 (size before relaxing)
 .eh_frame      0x000000000011573c       0x20 binaries/ioerr.o
                                         0x38 (size before relaxing)
 .eh_frame      0x000000000011575c       0x20 binaries/ionull.o
                                         0x38 (size before relaxing)
 .eh_frame      0x000000000011577c       0x30 binaries/kill.o
                                         0x48 (size before relaxing)
 .eh_frame      0x00000000001157ac       0x80 binaries/kprintf.o
                                         0x98 (size before relaxing)
 .eh_frame      0x000000000011582c       0x30 binaries/lab2q3.o
                                         0x48 (size before relaxing)
 .eh_frame      0x000000000011585c       0x6c binaries/lab2q4.o
                                         0x84 (size before relaxing)
 .eh_frame      0x00000000001158c8       0x2c binaries/lab2q5.o
                                         0x44 (size before relaxing)
 .eh_frame      0x00000000001158f4       0x4c binaries/main.o
                                         0x64 (size before relaxing)
 .eh_frame      0x0000000000115940       0x44 binaries/mark.o
                                         0x5c (size before relaxing)
 .eh_frame      0x0000000000115984       0x50 binaries/meminit.o
                                         0x68 (size before relaxing)
 .eh_frame      0x00000000001159d4       0x30 binaries/mkbufpool.o
                                         0x48 (size before relaxing)
 .eh_frame      0x0000000000115a04       0x28 binaries/myappA.o
                                         0x40 (size before relaxing)
 .eh_frame      0x0000000000115a2c       0x28 binaries/myfuncA.o
                                         0x40 (size before relaxing)
 .eh_frame      0x0000000000115a54       0x44 binaries/myhacker.o
                                         0x5c (size before relaxing)
 .eh_frame      0x0000000000115a98       0x64 binaries/myvictim.o
                                         0x7c (size before relaxing)
 .eh_frame      0x0000000000115afc       0x20 binaries/mywelcomemsg.o
                                         0x38 (size before relaxing)
 .eh_frame      0x0000000000115b1c       0x20 binaries/newqueue.o
                                         0x38 (size before relaxing)
 .eh_frame      0x0000000000115b3c       0x28 binaries/open.o
                                         0x40 (size before relaxing)
 .eh_frame      0x0000000000115b64       0x1c binaries/panic.o
                                         0x34 (size before relaxing)
 .eh_frame      0x0000000000115b80      0x12c binaries/pci.o
                                        0x144 (size before relaxing)
 .eh_frame      0x0000000000115cac       0x20 binaries/platinit.o
                                         0x38 (size before relaxing)
 .eh_frame      0x0000000000115ccc       0x24 binaries/printprstate.o
                                         0x3c (size before relaxing)
 .eh_frame      0x0000000000115cf0       0x24 binaries/prntsegaddr.o
                                         0x3c (size before relaxing)
 .eh_frame      0x0000000000115d14       0x2c binaries/ptclear.o
                                         0x44 (size before relaxing)
 .eh_frame      0x0000000000115d40       0x2c binaries/ptcount.o
                                         0x44 (size before relaxing)
 .eh_frame      0x0000000000115d6c       0x2c binaries/ptcreate.o
                                         0x44 (size before relaxing)
 .eh_frame      0x0000000000115d98       0x28 binaries/ptdelete.o
                                         0x40 (size before relaxing)
 .eh_frame      0x0000000000115dc0       0x28 binaries/ptinit.o
                                         0x40 (size before relaxing)
 .eh_frame      0x0000000000115de8       0x2c binaries/ptrecv.o
                                         0x44 (size before relaxing)
 .eh_frame      0x0000000000115e14       0x28 binaries/ptreset.o
                                         0x40 (size before relaxing)
 .eh_frame      0x0000000000115e3c       0x30 binaries/ptsend.o
                                         0x48 (size before relaxing)
 .eh_frame      0x0000000000115e6c       0x2c binaries/putc.o
                                         0x44 (size before relaxing)
 .eh_frame      0x0000000000115e98       0x24 binaries/quark_irq.o
                                         0x3c (size before relaxing)
 .eh_frame      0x0000000000115ebc       0x54 binaries/quark_pdat.o
                                         0x6c (size before relaxing)
 .eh_frame      0x0000000000115f10       0x40 binaries/queue.o
                                         0x58 (size before relaxing)
 .eh_frame      0x0000000000115f50       0x28 binaries/read.o
                                         0x40 (size before relaxing)
 .eh_frame      0x0000000000115f78       0x20 binaries/ready.o
                                         0x38 (size before relaxing)
 .eh_frame      0x0000000000115f98       0x28 binaries/receive.o
                                         0x40 (size before relaxing)
 .eh_frame      0x0000000000115fc0       0x24 binaries/recvclr.o
                                         0x3c (size before relaxing)
 .eh_frame      0x0000000000115fe4       0x2c binaries/recvtime.o
                                         0x44 (size before relaxing)
 .eh_frame      0x0000000000116010       0x4c binaries/resched.o
                                         0x64 (size before relaxing)
 .eh_frame      0x000000000011605c       0x2c binaries/resume.o
                                         0x44 (size before relaxing)
 .eh_frame      0x0000000000116088       0x28 binaries/seek.o
                                         0x40 (size before relaxing)
 .eh_frame      0x00000000001160b0       0x24 binaries/semcount.o
                                         0x3c (size before relaxing)
 .eh_frame      0x00000000001160d4       0x2c binaries/semcreate.o
                                         0x44 (size before relaxing)
 .eh_frame      0x0000000000116100       0x2c binaries/semdelete.o
                                         0x44 (size before relaxing)
 .eh_frame      0x000000000011612c       0x2c binaries/semreset.o
                                         0x44 (size before relaxing)
 .eh_frame      0x0000000000116158       0x28 binaries/send.o
                                         0x40 (size before relaxing)
 .eh_frame      0x0000000000116180       0x28 binaries/signal.o
                                         0x40 (size before relaxing)
 .eh_frame      0x00000000001161a8       0x2c binaries/signaln.o
                                         0x44 (size before relaxing)
 .eh_frame      0x00000000001161d4       0x48 binaries/sleep.o
                                         0x60 (size before relaxing)
 .eh_frame      0x000000000011621c       0x2c binaries/stackdepth.o
                                         0x44 (size before relaxing)
 .eh_frame      0x0000000000116248       0x30 binaries/stacktrace.o
                                         0x48 (size before relaxing)
 .eh_frame      0x0000000000116278       0x28 binaries/suspend.o
                                         0x40 (size before relaxing)
 .eh_frame      0x00000000001162a0       0x28 binaries/unsleep.o
                                         0x40 (size before relaxing)
 .eh_frame      0x00000000001162c8       0x20 binaries/userret.o
                                         0x38 (size before relaxing)
 .eh_frame      0x00000000001162e8       0x28 binaries/wait.o
                                         0x40 (size before relaxing)
 .eh_frame      0x0000000000116310       0x20 binaries/wakeup.o
                                         0x38 (size before relaxing)
 .eh_frame      0x0000000000116330       0x28 binaries/write.o
                                         0x40 (size before relaxing)
 .eh_frame      0x0000000000116358       0x20 binaries/xdone.o
                                         0x38 (size before relaxing)
 .eh_frame      0x0000000000116378       0x24 binaries/yield.o
                                         0x3c (size before relaxing)
 .eh_frame      0x000000000011639c       0x20 binaries/abs.o
                                         0x38 (size before relaxing)
 .eh_frame      0x00000000001163bc       0x28 binaries/atoi.o
                                         0x40 (size before relaxing)
 .eh_frame      0x00000000001163e4       0x28 binaries/atol.o
                                         0x40 (size before relaxing)
 .eh_frame      0x000000000011640c       0x20 binaries/bzero.o
                                         0x38 (size before relaxing)
 .eh_frame      0x000000000011642c       0xac binaries/doprnt.o
                                         0xc4 (size before relaxing)
 .eh_frame      0x00000000001164d8       0x30 binaries/doscan.o
                                         0x48 (size before relaxing)
 .eh_frame      0x0000000000116508       0x5c binaries/fdoprnt.o
                                         0x74 (size before relaxing)
 .eh_frame      0x0000000000116564       0x20 binaries/fgetc.o
                                         0x38 (size before relaxing)
 .eh_frame      0x0000000000116584       0x2c binaries/fgets.o
                                         0x44 (size before relaxing)
 .eh_frame      0x00000000001165b0       0x20 binaries/fprintf.o
                                         0x38 (size before relaxing)
 .eh_frame      0x00000000001165d0       0x20 binaries/fputc.o
                                         0x38 (size before relaxing)
 .eh_frame      0x00000000001165f0       0x28 binaries/fputs.o
                                         0x40 (size before relaxing)
 .eh_frame      0x0000000000116618       0x64 binaries/fscanf.o
                                         0x7c (size before relaxing)
 .eh_frame      0x000000000011667c       0x20 binaries/getchar.o
                                         0x38 (size before relaxing)
 .eh_frame      0x000000000011669c       0x20 binaries/labs.o
                                         0x38 (size before relaxing)
 .eh_frame      0x00000000001166bc       0x20 binaries/memchr.o
                                         0x38 (size before relaxing)
 .eh_frame      0x00000000001166dc       0x28 binaries/memcmp.o
                                         0x40 (size before relaxing)
 .eh_frame      0x0000000000116704       0x28 binaries/memcpy.o
                                         0x40 (size before relaxing)
 .eh_frame      0x000000000011672c       0x24 binaries/memset.o
                                         0x3c (size before relaxing)
 .eh_frame      0x0000000000116750       0x20 binaries/printf.o
                                         0x38 (size before relaxing)
 .eh_frame      0x0000000000116770       0x20 binaries/putchar.o
                                         0x38 (size before relaxing)
 .eh_frame      0x0000000000116790       0xa4 binaries/qsort.o
                                         0xbc (size before relaxing)
 .eh_frame      0x0000000000116834       0x40 binaries/rand.o
                                         0x58 (size before relaxing)
 .eh_frame      0x0000000000116874       0x48 binaries/sprintf.o
                                         0x60 (size before relaxing)
 .eh_frame      0x00000000001168bc       0x60 binaries/sscanf.o
                                         0x78 (size before relaxing)
 .eh_frame      0x000000000011691c       0x24 binaries/strchr.o
                                         0x3c (size before relaxing)
 .eh_frame      0x0000000000116940       0x24 binaries/strcmp.o
                                         0x3c (size before relaxing)
 .eh_frame      0x0000000000116964       0x20 binaries/strcpy.o
                                         0x38 (size before relaxing)
 .eh_frame      0x0000000000116984       0x20 binaries/strlen.o
                                         0x38 (size before relaxing)
 .eh_frame      0x00000000001169a4       0x2c binaries/strncat.o
                                         0x44 (size before relaxing)
 .eh_frame      0x00000000001169d0       0x24 binaries/strncmp.o
                                         0x3c (size before relaxing)
 .eh_frame      0x00000000001169f4       0x2c binaries/strncpy.o
                                         0x44 (size before relaxing)
 .eh_frame      0x0000000000116a20       0x24 binaries/strnlen.o
                                         0x3c (size before relaxing)
 .eh_frame      0x0000000000116a44       0x24 binaries/strrchr.o
                                         0x3c (size before relaxing)
 .eh_frame      0x0000000000116a68       0x2c binaries/strstr.o
                                         0x44 (size before relaxing)
 .eh_frame      0x0000000000116a94       0x30 binaries/ttycontrol.o
                                         0x48 (size before relaxing)
 .eh_frame      0x0000000000116ac4       0x2c binaries/ttygetc.o
                                         0x44 (size before relaxing)
 .eh_frame      0x0000000000116af0       0x84 binaries/ttyhandle_in.o
                                         0x9c (size before relaxing)
 .eh_frame      0x0000000000116b74       0x30 binaries/ttyhandle_out.o
                                         0x48 (size before relaxing)
 .eh_frame      0x0000000000116ba4       0x28 binaries/ttyhandler.o
                                         0x40 (size before relaxing)
 .eh_frame      0x0000000000116bcc       0x30 binaries/ttyinit.o
                                         0x48 (size before relaxing)
 .eh_frame      0x0000000000116bfc       0x20 binaries/ttykickout.o
                                         0x38 (size before relaxing)
 .eh_frame      0x0000000000116c1c       0x2c binaries/ttyputc.o
                                         0x44 (size before relaxing)
 .eh_frame      0x0000000000116c48       0x2c binaries/ttyread.o
                                         0x44 (size before relaxing)
 .eh_frame      0x0000000000116c74       0x2c binaries/ttywrite.o
                                         0x44 (size before relaxing)
 .eh_frame      0x0000000000116ca0       0x4c binaries/mount.o
                                         0x64 (size before relaxing)
 .eh_frame      0x0000000000116cec       0x30 binaries/naminit.o
                                         0x48 (size before relaxing)
 .eh_frame      0x0000000000116d1c       0x84 binaries/nammap.o
                                         0x9c (size before relaxing)
 .eh_frame      0x0000000000116da0       0x20 binaries/namopen.o
                                         0x38 (size before relaxing)
 .eh_frame      0x0000000000116dc0       0x2c binaries/colon2mac.o
                                         0x44 (size before relaxing)
 .eh_frame      0x0000000000116dec       0x20 binaries/ethcontrol.o
                                         0x38 (size before relaxing)
 .eh_frame      0x0000000000116e0c       0x30 binaries/ethhandler.o
                                         0x48 (size before relaxing)
 .eh_frame      0x0000000000116e3c       0x98 binaries/ethinit.o
                                         0xb0 (size before relaxing)
 .eh_frame      0x0000000000116ed4       0x54 binaries/ethmcast.o
                                         0x6c (size before relaxing)
 .eh_frame      0x0000000000116f28       0x30 binaries/ethread.o
                                         0x48 (size before relaxing)
 .eh_frame      0x0000000000116f58       0x2c binaries/ethwrite.o
                                         0x44 (size before relaxing)
 .eh_frame      0x0000000000116f84       0x24 binaries/rdsbufalloc.o
                                         0x3c (size before relaxing)
 .eh_frame      0x0000000000116fa8       0x2c binaries/rdsclose.o
                                         0x44 (size before relaxing)
 .eh_frame      0x0000000000116fd4       0x30 binaries/rdscomm.o
[...]
 .comment       0x000000000000002a       0x2b binaries/xsh_udpecho.o
 .comment       0x000000000000002a       0x2b binaries/xsh_udpeserver.o
 .comment       0x000000000000002a       0x2b binaries/xsh_uptime.o
 .comment       0x000000000000002a       0x2b binaries/host2netlc.o

.note.GNU-stack
                0x0000000000000000        0x0
 .note.GNU-stack
                0x0000000000000000        0x0 binaries/app1.o
 .note.GNU-stack
                0x0000000000000000        0x0 binaries/app2.o
 .note.GNU-stack
                0x0000000000000000        0x0 binaries/app3.o
 .note.GNU-stack
                0x0000000000000000        0x0 binaries/app_lim.o
 .note.GNU-stack
                0x0000000000000000        0x0 binaries/app_unlim.o
 .note.GNU-stack
                0x0000000000000000        0x0 binaries/ascdate.o
 .note.GNU-stack
                0x0000000000000000        0x0 binaries/bufinit.o
 .note.GNU-stack
                0x0000000000000000        0x0 binaries/chprio.o
 .note.GNU-stack
                0x0000000000000000        0x0 binaries/clkhandler.o
 .note.GNU-stack
                0x0000000000000000        0x0 binaries/clkinit.o
 .note.GNU-stack
                0x0000000000000000        0x0 binaries/close.o
 .note.GNU-stack
                0x0000000000000000        0x0 binaries/conf.o
 .note.GNU-stack
                0x0000000000000000        0x0 binaries/control.o
 .note.GNU-stack
                0x0000000000000000        0x0 binaries/cpubound.o
 .note.GNU-stack
                0x0000000000000000        0x0 binaries/create.o
 .note.GNU-stack
                0x0000000000000000        0x0 binaries/early_imr.o
 .note.GNU-stack
                0x0000000000000000        0x0 binaries/evec.o
 .note.GNU-stack
                0x0000000000000000        0x0 binaries/f1.o
 .note.GNU-stack
                0x0000000000000000        0x0 binaries/freebuf.o
 .note.GNU-stack
                0x0000000000000000        0x0 binaries/freemem.o
 .note.GNU-stack
                0x0000000000000000        0x0 binaries/getbuf.o
 .note.GNU-stack
                0x0000000000000000        0x0 binaries/getc.o
 .note.GNU-stack
                0x0000000000000000        0x0 binaries/getdev.o
 .note.GNU-stack
                0x0000000000000000        0x0 binaries/getitem.o
 .note.GNU-stack
                0x0000000000000000        0x0 binaries/getmem.o
 .note.GNU-stack
                0x0000000000000000        0x0 binaries/getpid.o
 .note.GNU-stack
                0x0000000000000000        0x0 binaries/getppid.o
 .note.GNU-stack
                0x0000000000000000        0x0 binaries/getprio.o
 .note.GNU-stack
                0x0000000000000000        0x0 binaries/getstk.o
 .note.GNU-stack
                0x0000000000000000        0x0 binaries/gettime.o
 .note.GNU-stack
                0x0000000000000000        0x0 binaries/getutime.o
 .note.GNU-stack
                0x0000000000000000        0x0 binaries/host2netlb.o
 .note.GNU-stack
                0x0000000000000000        0x0 binaries/init.o
 .note.GNU-stack
                0x0000000000000000        0x0 binaries/initialize.o
 .note.GNU-stack
                0x0000000000000000        0x0 binaries/insert.o
 .note.GNU-stack
                0x0000000000000000        0x0 binaries/insertd.o
 .note.GNU-stack
                0x0000000000000000        0x0 binaries/iobound.o
 .note.GNU-stack
                0x0000000000000000        0x0 binaries/ioerr.o
 .note.GNU-stack
                0x0000000000000000        0x0 binaries/ionull.o
 .note.GNU-stack
                0x0000000000000000        0x0 binaries/kill.o
 .note.GNU-stack
                0x0000000000000000        0x0 binaries/kprintf.o
 .note.GNU-stack
                0x0000000000000000        0x0 binaries/lab2q3.o
 .note.GNU-stack
                0x0000000000000000        0x0 binaries/lab2q4.o
 .note.GNU-stack
                0x0000000000000000        0x0 binaries/lab2q5.o
 .note.GNU-stack
                0x0000000000000000        0x0 binaries/main.o
 .note.GNU-stack
                0x0000000000000000        0x0 binaries/mark.o
 .note.GNU-stack
                0x0000000000000000        0x0 binaries/meminit.o
 .note.GNU-stack
                0x0000000000000000        0x0 binaries/mkbufpool.o
 .note.GNU-stack
                0x0000000000000000        0x0 binaries/myappA.o
 .note.GNU-stack
                0x0000000000000000        0x0 binaries/myfuncA.o
 .note.GNU-stack
                0x0000000000000000        0x0 binaries/myhacker.o
 .note.GNU-stack
                0x0000000000000000        0x0 binaries/myvictim.o
 .note.GNU-stack
                0x0000000000000000        0x0 binaries/mywelcomemsg.o
 .note.GNU-stack
                0x0000000000000000        0x0 binaries/newqueue.o
 .note.GNU-stack
                0x0000000000000000        0x0 binaries/open.o
 .note.GNU-stack
                0x0000000000000000        0x0 binaries/panic.o
 .note.GNU-stack
                0x0000000000000000        0x0 binaries/pci.o
 .note.GNU-stack
                0x0000000000000000        0x0 binaries/platinit.o
 .note.GNU-stack
                0x0000000000000000        0x0 binaries/printprstate.o
 .note.GNU-stack
                0x0000000000000000        0x0 binaries/prntsegaddr.o
 .note.GNU-stack
                0x0000000000000000        0x0 binaries/ptclear.o
 .note.GNU-stack
                0x0000000000000000        0x0 binaries/ptcount.o
 .note.GNU-stack
                0x0000000000000000        0x0 binaries/ptcreate.o
 .note.GNU-stack
                0x0000000000000000        0x0 binaries/ptdelete.o
 .note.GNU-stack
                0x0000000000000000        0x0 binaries/ptinit.o
 .note.GNU-stack
                0x0000000000000000        0x0 binaries/ptrecv.o
 .note.GNU-stack
                0x0000000000000000        0x0 binaries/ptreset.o
 .note.GNU-stack
                0x0000000000000000        0x0 binaries/ptsend.o
 .note.GNU-stack
                0x0000000000000000        0x0 binaries/putc.o
 .note.GNU-stack
                0x0000000000000000        0x0 binaries/quark_irq.o
 .note.GNU-stack
                0x0000000000000000        0x0 binaries/quark_pdat.o
 .note.GNU-stack
                0x0000000000000000        0x0 binaries/queue.o
 .note.GNU-stack
                0x0000000000000000        0x0 binaries/read.o
 .note.GNU-stack
                0x0000000000000000        0x0 binaries/ready.o
 .note.GNU-stack
                0x0000000000000000        0x0 binaries/receive.o
 .note.GNU-stack
                0x0000000000000000        0x0 binaries/recvclr.o
 .note.GNU-stack
                0x0000000000000000        0x0 binaries/recvtime.o
 .note.GNU-stack
                0x0000000000000000        0x0 binaries/resched.o
 .note.GNU-stack
                0x0000000000000000        0x0 binaries/resume.o
 .note.GNU-stack
                0x0000000000000000        0x0 binaries/seek.o
 .note.GNU-stack
                0x0000000000000000        0x0 binaries/semcount.o
 .note.GNU-stack
                0x0000000000000000        0x0 binaries/semcreate.o
 .note.GNU-stack
                0x0000000000000000        0x0 binaries/semdelete.o
 .note.GNU-stack
                0x0000000000000000        0x0 binaries/semreset.o
 .note.GNU-stack
                0x0000000000000000        0x0 binaries/send.o
 .note.GNU-stack
                0x0000000000000000        0x0 binaries/signal.o
 .note.GNU-stack
                0x0000000000000000        0x0 binaries/signaln.o
 .note.GNU-stack
                0x0000000000000000        0x0 binaries/sleep.o
 .note.GNU-stack
                0x0000000000000000        0x0 binaries/stackdepth.o
 .note.GNU-stack
                0x0000000000000000        0x0 binaries/stacktrace.o
 .note.GNU-stack
                0x0000000000000000        0x0 binaries/suspend.o
 .note.GNU-stack
                0x0000000000000000        0x0 binaries/unsleep.o
 .note.GNU-stack
                0x0000000000000000        0x0 binaries/userret.o
 .note.GNU-stack
                0x0000000000000000        0x0 binaries/wait.o
 .note.GNU-stack
                0x0000000000000000        0x0 binaries/wakeup.o
 .note.GNU-stack
                0x0000000000000000        0x0 binaries/write.o
 .note.GNU-stack
                0x0000000000000000        0x0 binaries/xdone.o
 .note.GNU-stack
                0x0000000000000000        0x0 binaries/yield.o
 .note.GNU-stack
                0x0000000000000000        0x0 binaries/abs.o
 .note.GNU-stack
                0x0000000000000000        0x0 binaries/atoi.o
 .note.GNU-stack
                0x0000000000000000        0x0 binaries/atol.o
 .note.GNU-stack
                0x0000000000000000        0x0 binaries/bzero.o
 .note.GNU-stack
                0x0000000000000000        0x0 binaries/ctype_.o
 .note.GNU-stack
                0x0000000000000000        0x0 binaries/doprnt.o
 .note.GNU-stack
                0x0000000000000000        0x0 binaries/doscan.o
 .note.GNU-stack
                0x0000000000000000        0x0 binaries/fdoprnt.o
 .note.GNU-stack
                0x0000000000000000        0x0 binaries/fgetc.o
 .note.GNU-stack
                0x0000000000000000        0x0 binaries/fgets.o
 .note.GNU-stack
                0x0000000000000000        0x0 binaries/fprintf.o
 .note.GNU-stack
                0x0000000000000000        0x0 binaries/fputc.o
 .note.GNU-stack
                0x0000000000000000        0x0 binaries/fputs.o
 .note.GNU-stack
                0x0000000000000000        0x0 binaries/fscanf.o
 .note.GNU-stack
                0x0000000000000000        0x0 binaries/getchar.o
 .note.GNU-stack
                0x0000000000000000        0x0 binaries/labs.o
 .note.GNU-stack
                0x0000000000000000        0x0 binaries/memchr.o
 .note.GNU-stack
                0x0000000000000000        0x0 binaries/memcmp.o
 .note.GNU-stack
                0x0000000000000000        0x0 binaries/memcpy.o
 .note.GNU-stack
                0x0000000000000000        0x0 binaries/memset.o
 .note.GNU-stack
                0x0000000000000000        0x0 binaries/printf.o
 .note.GNU-stack
                0x0000000000000000        0x0 binaries/putchar.o
 .note.GNU-stack
                0x0000000000000000        0x0 binaries/qsort.o
 .note.GNU-stack
                0x0000000000000000        0x0 binaries/rand.o
 .note.GNU-stack
                0x0000000000000000        0x0 binaries/sprintf.o
 .note.GNU-stack
                0x0000000000000000        0x0 binaries/sscanf.o
 .note.GNU-stack
                0x0000000000000000        0x0 binaries/strchr.o
 .note.GNU-stack
                0x0000000000000000        0x0 binaries/strcmp.o
 .note.GNU-stack
                0x0000000000000000        0x0 binaries/strcpy.o
 .note.GNU-stack
                0x0000000000000000        0x0 binaries/strlen.o
 .note.GNU-stack
                0x0000000000000000        0x0 binaries/strncat.o
 .note.GNU-stack
                0x0000000000000000        0x0 binaries/strncmp.o
 .note.GNU-stack
                0x0000000000000000        0x0 binaries/strncpy.o
 .note.GNU-stack
                0x0000000000000000        0x0 binaries/strnlen.o
 .note.GNU-stack
                0x0000000000000000        0x0 binaries/strrchr.o
 .note.GNU-stack
                0x0000000000000000        0x0 binaries/strstr.o
 .note.GNU-stack
                0x0000000000000000        0x0 binaries/ttycontrol.o
 .note.GNU-stack
                0x0000000000000000        0x0 binaries/ttygetc.o
 .note.GNU-stack
                0x0000000000000000        0x0 binaries/ttyhandle_in.o
 .note.GNU-stack
                0x0000000000000000        0x0 binaries/ttyhandle_out.o
 .note.GNU-stack
                0x0000000000000000        0x0 binaries/ttyhandler.o
 .note.GNU-stack
                0x0000000000000000        0x0 binaries/ttyinit.o
 .note.GNU-stack
                0x0000000000000000        0x0 binaries/ttykickout.o
 .note.GNU-stack
                0x0000000000000000        0x0 binaries/ttyputc.o
 .note.GNU-stack
                0x0000000000000000        0x0 binaries/ttyread.o
 .note.GNU-stack
                0x0000000000000000        0x0 binaries/ttywrite.o
 .note.GNU-stack
                0x0000000000000000        0x0 binaries/mount.o
 .note.GNU-stack
                0x0000000000000000        0x0 binaries/naminit.o
 .note.GNU-stack
                0x0000000000000000        0x0 binaries/nammap.o
 .note.GNU-stack
                0x0000000000000000        0x0 binaries/namopen.o
 .note.GNU-stack
                0x0000000000000000        0x0 binaries/colon2mac.o
 .note.GNU-stack
                0x0000000000000000        0x0 binaries/ethcontrol.o
 .note.GNU-stack
                0x0000000000000000        0x0 binaries/ethhandler.o
 .note.GNU-stack
                0x0000000000000000        0x0 binaries/ethinit.o
 .note.GNU-stack
                0x0000000000000000        0x0 binaries/ethmcast.o
 .note.GNU-stack
                0x0000000000000000        0x0 binaries/ethread.o
 .note.GNU-stack
                0x0000000000000000        0x0 binaries/ethwrite.o
 .note.GNU-stack
                0x0000000000000000        0x0 binaries/rdsbufalloc.o
 .note.GNU-stack
                0x0000000000000000        0x0 binaries/rdsclose.o
 .note.GNU-stack
                0x0000000000000000        0x0 binaries/rdscomm.o
 .note.GNU-stack
                0x0000000000000000        0x0 binaries/rdscontrol.o
 .note.GNU-stack
                0x0000000000000000        0x0 binaries/rdsinit.o
 .note.GNU-stack
                0x0000000000000000        0x0 binaries/rdsopen.o
 .note.GNU-stack
                0x0000000000000000        0x0 binaries/rdsprocess.o
 .note.GNU-stack
                0x0000000000000000        0x0 binaries/rdsread.o
 .note.GNU-stack
                0x0000000000000000        0x0 binaries/rdswrite.o
 .note.GNU-stack
                0x0000000000000000        0x0 binaries/ramclose.o
 .note.GNU-stack
                0x0000000000000000        0x0 binaries/raminit.o
 .note.GNU-stack
                0x0000000000000000        0x0 binaries/ramopen.o
 .note.GNU-stack
                0x0000000000000000        0x0 binaries/ramread.o
 .note.GNU-stack
                0x0000000000000000        0x0 binaries/ramwrite.o
 .note.GNU-stack
                0x0000000000000000        0x0 binaries/lfdballoc.o
 .note.GNU-stack
                0x0000000000000000        0x0 binaries/lfdbfree.o
 .note.GNU-stack
                0x0000000000000000        0x0 binaries/lfflush.o
 .note.GNU-stack
                0x0000000000000000        0x0 binaries/lfgetmode.o
 .note.GNU-stack
                0x0000000000000000        0x0 binaries/lfiballoc.o
 .note.GNU-stack
                0x0000000000000000        0x0 binaries/lfibclear.o
 .note.GNU-stack
                0x0000000000000000        0x0 binaries/lfibget.o
 .note.GNU-stack
                0x0000000000000000        0x0 binaries/lfibput.o
 .note.GNU-stack
                0x0000000000000000        0x0 binaries/lflclose.o
 .note.GNU-stack
                0x0000000000000000        0x0 binaries/lflcontrol.o
 .note.GNU-stack
                0x0000000000000000        0x0 binaries/lflgetc.o
 .note.GNU-stack
                0x0000000000000000        0x0 binaries/lflinit.o
 .note.GNU-stack
                0x0000000000000000        0x0 binaries/lflputc.o
 .note.GNU-stack
                0x0000000000000000        0x0 binaries/lflread.o
 .note.GNU-stack
                0x0000000000000000        0x0 binaries/lflseek.o
 .note.GNU-stack
                0x0000000000000000        0x0 binaries/lflwrite.o
 .note.GNU-stack
                0x0000000000000000        0x0 binaries/lfsckfmt.o
 .note.GNU-stack
                0x0000000000000000        0x0 binaries/lfscreate.o
 .note.GNU-stack
                0x0000000000000000        0x0 binaries/lfsetup.o
 .note.GNU-stack
                0x0000000000000000        0x0 binaries/lfsinit.o
 .note.GNU-stack
                0x0000000000000000        0x0 binaries/lfsopen.o
 .note.GNU-stack
                0x0000000000000000        0x0 binaries/lftruncate.o
 .note.GNU-stack
                0x0000000000000000        0x0 binaries/rflclose.o
 .note.GNU-stack
                0x0000000000000000        0x0 binaries/rflgetc.o
 .note.GNU-stack
                0x0000000000000000        0x0 binaries/rflinit.o
 .note.GNU-stack
                0x0000000000000000        0x0 binaries/rflputc.o
 .note.GNU-stack
                0x0000000000000000        0x0 binaries/rflread.o
 .note.GNU-stack
                0x0000000000000000        0x0 binaries/rflseek.o
 .note.GNU-stack
                0x0000000000000000        0x0 binaries/rflwrite.o
 .note.GNU-stack
                0x0000000000000000        0x0 binaries/rfscomm.o
 .note.GNU-stack
                0x0000000000000000        0x0 binaries/rfscontrol.o
 .note.GNU-stack
                0x0000000000000000        0x0 binaries/rfsgetmode.o
 .note.GNU-stack
                0x0000000000000000        0x0 binaries/rfsinit.o
 .note.GNU-stack
                0x0000000000000000        0x0 binaries/rfsndmsg.o
 .note.GNU-stack
                0x0000000000000000        0x0 binaries/rfsopen.o
 .note.GNU-stack
                0x0000000000000000        0x0 binaries/arp.o
 .note.GNU-stack
                0x0000000000000000        0x0 binaries/dhcp.o
 .note.GNU-stack
                0x0000000000000000        0x0 binaries/dot2ip.o
 .note.GNU-stack
                0x0000000000000000        0x0 binaries/hexdump.o
 .note.GNU-stack
                0x0000000000000000        0x0 binaries/icmp.o
 .note.GNU-stack
                0x0000000000000000        0x0 binaries/ip.o
 .note.GNU-stack
                0x0000000000000000        0x0 binaries/net.o
 .note.GNU-stack
                0x0000000000000000        0x0 binaries/netstart.o
 .note.GNU-stack
                0x0000000000000000        0x0 binaries/pdump.o
 .note.GNU-stack
                0x0000000000000000        0x0 binaries/tftp.o
 .note.GNU-stack
                0x0000000000000000        0x0 binaries/udp.o
 .note.GNU-stack
                0x0000000000000000        0x0 binaries/addargs.o
 .note.GNU-stack
                0x0000000000000000        0x0 binaries/lexan.o
 .note.GNU-stack
                0x0000000000000000        0x0 binaries/shell.o
 .note.GNU-stack
                0x0000000000000000        0x0 binaries/xsh_argecho.o
 .note.GNU-stack
                0x0000000000000000        0x0 binaries/xsh_arp.o
 .note.GNU-stack
                0x0000000000000000        0x0 binaries/xsh_cat.o
 .note.GNU-stack
                0x0000000000000000        0x0 binaries/xsh_clear.o
 .note.GNU-stack
                0x0000000000000000        0x0 binaries/xsh_date.o
 .note.GNU-stack
                0x0000000000000000        0x0 binaries/xsh_devdump.o
 .note.GNU-stack
                0x0000000000000000        0x0 binaries/xsh_echo.o
 .note.GNU-stack
                0x0000000000000000        0x0 binaries/xsh_exit.o
 .note.GNU-stack
                0x0000000000000000        0x0 binaries/xsh_help.o
 .note.GNU-stack
                0x0000000000000000        0x0 binaries/xsh_ipaddr.o
 .note.GNU-stack
                0x0000000000000000        0x0 binaries/xsh_kill.o
 .note.GNU-stack
                0x0000000000000000        0x0 binaries/xsh_memdump.o
 .note.GNU-stack
                0x0000000000000000        0x0 binaries/xsh_memstat.o
 .note.GNU-stack
                0x0000000000000000        0x0 binaries/xsh_ping.o
 .note.GNU-stack
                0x0000000000000000        0x0 binaries/xsh_ps.o
 .note.GNU-stack
                0x0000000000000000        0x0 binaries/xsh_sleep.o
 .note.GNU-stack
                0x0000000000000000        0x0 binaries/xsh_udpdump.o
 .note.GNU-stack
                0x0000000000000000        0x0 binaries/xsh_udpecho.o
 .note.GNU-stack
                0x0000000000000000        0x0 binaries/xsh_udpeserver.o
 .note.GNU-stack
                0x0000000000000000        0x0 binaries/xsh_uptime.o
 .note.GNU-stack
                0x0000000000000000        0x0 binaries/host2netlc.o
