
Allocating common symbols
Common symbol       size              file

netbufpool          0x4               binaries/net.o
tmp                 0x4               binaries/read_cr.o
readylist           0x2               binaries/ready.o
rfltab              0x5a0             binaries/rflinit.o
sleepq              0x2               binaries/clkinit.o
PAGE_SERVER_STATUS  0x1               binaries/initialize.o
nnames              0x4               binaries/naminit.o
udptab              0x168             binaries/udp.o
minheap             0x4               binaries/meminit.o
marks               0x50              binaries/mark.o
currpid             0x4               binaries/initialize.o
Lf_data             0x20c             binaries/lfsinit.o
porttab             0x2d0             binaries/ptinit.o
girmask             0x2               binaries/evec.o
ttytab              0x10c             binaries/ttyinit.o
bs_sem              0x4               binaries/psinit.o
proctab             0x5dc0            binaries/initialize.o
prcount             0x4               binaries/initialize.o
page_replacement_policy
                    0x4               binaries/ascdate.o
lfltab              0xf00             binaries/lflinit.o
rdstab              0x8c              binaries/rdsinit.o
ethertab            0x138             binaries/ethinit.o
NetData             0xa8              binaries/net.o
nmarks              0x4               binaries/mark.o
Defer               0x8               binaries/resched.o
semtab              0x4b0             binaries/initialize.o
maxheap             0x4               binaries/meminit.o
preempt             0x4               binaries/clkinit.o
buftab              0xf0              binaries/bufinit.o
Rf_data             0x18              binaries/rfsinit.o
mkmutex             0x4               binaries/mark.o
bstab               0x100             binaries/psinit.o
clktime             0x4               binaries/clkinit.o
arpcache            0x140             binaries/arp.o
icmptab             0x230             binaries/icmp.o
nbpools             0x4               binaries/bufinit.o
queuetab            0x980             binaries/queue.o
frame_table         0x708             binaries/frame.o
ptnextid            0x4               binaries/ptinit.o
Ram                 0x19000           binaries/raminit.o
ipoqueue            0x2c              binaries/ip.o
bs_init_sem         0x4               binaries/initialize.o
memlist             0x8               binaries/initialize.o
nametab             0x19a0            binaries/naminit.o
frame_fifo_head     0x4               binaries/frame.o
ptfree              0x4               binaries/ptinit.o

Memory Configuration

Name             Origin             Length             Attributes
*default*        0x0000000000000000 0xffffffffffffffff

Linker script and memory map

                0x0000000000100000                physbase = 0x100000
                0x0000000000100000                . = physbase
                0x0000000000100000                . = ALIGN (0x1000)

.text           0x0000000000100000    0x16000
                0x0000000000100000                text = ABSOLUTE (.)
 *(.text .text.*)
 .text          0x0000000000100000      0x14c binaries/start.o
                0x0000000000100028                start
                0x000000000010009a                inb
                0x00000000001000a2                inw
                0x00000000001000ab                inl
                0x00000000001000b3                outb
                0x00000000001000bd                outw
                0x00000000001000c8                outl
                0x00000000001000d2                _rtcin
                0x00000000001000dd                ___udivsi3
                0x00000000001000e8                ___divsi3
                0x00000000001000f4                sbzero
                0x0000000000100104                bcopy
                0x0000000000100118                insw
                0x000000000010012e                outsw
                0x0000000000100144                lidt
 .text          0x000000000010014c       0x31 binaries/app.o
                0x000000000010014c                app
 .text          0x000000000010017d      0x2d8 binaries/ascdate.o
                0x000000000010017d                ascdate
 .text          0x0000000000100455       0x10 binaries/bufinit.o
                0x0000000000100455                bufinit
 .text          0x0000000000100465       0x68 binaries/chprio.o
                0x0000000000100465                chprio
 .text          0x00000000001004cd       0x73 binaries/clkhandler.o
                0x00000000001004cd                clkhandler
 .text          0x0000000000100540       0x59 binaries/clkinit.o
                0x0000000000100540                clkinit
 .text          0x0000000000100599       0x56 binaries/close.o
                0x0000000000100599                close
 .text          0x00000000001005ef        0x0 binaries/conf.o
 .text          0x00000000001005ef       0x5f binaries/control.o
                0x00000000001005ef                control
 .text          0x000000000010064e      0x298 binaries/create.o
                0x000000000010064e                create
 .text          0x00000000001008e6      0x205 binaries/early_imr.o
                0x00000000001008e6                intel_cln_early_sb_read_reg
                0x000000000010093e                intel_cln_early_sb_write_reg
                0x00000000001009ed                remove_irm_protections
 .text          0x0000000000100aeb       0x11 binaries/enable_paging.o
                0x0000000000100aeb                enable_paging
 .text          0x0000000000100afc      0x2e2 binaries/evec.o
                0x0000000000100afc                setirmask
                0x0000000000100b30                set_evec
                0x0000000000100b8c                initevec
                0x0000000000100c5b                trap
 .text          0x0000000000100dde       0x78 binaries/freebuf.o
                0x0000000000100dde                freebuf
 .text          0x0000000000100e56      0x106 binaries/freemem.o
                0x0000000000100e56                freemem
 .text          0x0000000000100f5c       0x1d binaries/get_faults.o
                0x0000000000100f5c                get_faults
 .text          0x0000000000100f79       0x65 binaries/getbuf.o
                0x0000000000100f79                getbuf
 .text          0x0000000000100fde       0x56 binaries/getc.o
                0x0000000000100fde                getc
 .text          0x0000000000101034       0x63 binaries/getdev.o
                0x0000000000101034                getdev
 .text          0x0000000000101097       0x77 binaries/getitem.o
                0x0000000000101097                getitem
                0x00000000001010c3                getfirst
                0x00000000001010e6                getlast
 .text          0x000000000010110e       0xc2 binaries/getmem.o
                0x000000000010110e                getmem
 .text          0x00000000001011d0        0x6 binaries/getpid.o
                0x00000000001011d0                getpid
 .text          0x00000000001011d6       0x60 binaries/getprio.o
                0x00000000001011d6                getprio
 .text          0x0000000000101236       0xa6 binaries/getstk.o
                0x0000000000101236                getstk
 .text          0x00000000001012dc       0x34 binaries/gettime.o
                0x00000000001012dc                gettime
 .text          0x0000000000101310      0x199 binaries/getutime.o
                0x0000000000101310                getutime
 .text          0x00000000001014a9       0x58 binaries/hooks.o
                0x00000000001014a9                hook_ptable_create
                0x00000000001014be                hook_ptable_delete
                0x00000000001014d3                hook_pfault
                0x00000000001014e8                hook_pswap_out
 .text          0x0000000000101501       0x56 binaries/init.o
                0x0000000000101501                init
 .text          0x0000000000101557      0x2d0 binaries/initialize.o
                0x0000000000101557                nulluser
                0x00000000001017e2                stop
                0x0000000000101804                delay
 .text          0x0000000000101827       0x9e binaries/insert.o
                0x0000000000101827                insert
 .text          0x00000000001018c5       0xe7 binaries/insertd.o
                0x00000000001018c5                insertd
 .text          0x00000000001019ac        0x6 binaries/ioerr.o
                0x00000000001019ac                ioerr
 .text          0x00000000001019b2        0x6 binaries/ionull.o
                0x00000000001019b2                ionull
 .text          0x00000000001019b8      0x1bd binaries/kill.o
                0x00000000001019b8                kill
 .text          0x0000000000101b75       0xa5 binaries/kprintf.o
                0x0000000000101b75                kputc
                0x0000000000101ba4                console_init
                0x0000000000101bd6                kgetc
                0x0000000000101bf8                kprintf
 .text          0x0000000000101c1a      0x146 binaries/main.o
                0x0000000000101c1a                func1
                0x0000000000101ce9                main
 .text          0x0000000000101d60       0x93 binaries/mark.o
                0x0000000000101d60                markinit
                0x0000000000101d7d                mark
 .text          0x0000000000101df3       0xa9 binaries/meminit.o
                0x0000000000101df3                meminit
                0x0000000000101e30                setsegs
 .text          0x0000000000101e9c      0x12a binaries/mkbufpool.o
                0x0000000000101e9c                mkbufpool
 .text          0x0000000000101fc6       0x5e binaries/newqueue.o
                0x0000000000101fc6                newqueue
 .text          0x0000000000102024       0x5e binaries/open.o
                0x0000000000102024                open
 .text          0x0000000000102082       0x1e binaries/panic.o
                0x0000000000102082                panic
 .text          0x00000000001020a0      0x27c binaries/pci.o
                0x00000000001020a0                pci_init
                0x00000000001020a6                find_pci_device
                0x0000000000102164                pci_read_config_byte
                0x00000000001021a1                pci_read_config_word
                0x00000000001021e0                pci_read_config_dword
                0x000000000010221d                pci_write_config_byte
                0x0000000000102258                pci_write_config_word
                0x0000000000102294                pci_write_config_dword
                0x00000000001022cf                pci_get_dev_mmio_base_addr
 .text          0x000000000010231c       0x4f binaries/platinit.o
                0x000000000010231c                platinit
 .text          0x000000000010236b       0xa3 binaries/ptclear.o
                0x000000000010236b                _ptclear
 .text          0x000000000010240e       0x7c binaries/ptcount.o
                0x000000000010240e                ptcount
 .text          0x000000000010248a      0x101 binaries/ptcreate.o
                0x000000000010248a                ptcreate
 .text          0x000000000010258b       0x64 binaries/ptdelete.o
                0x000000000010258b                ptdelete
 .text          0x00000000001025ef       0x8e binaries/ptinit.o
                0x00000000001025ef                ptinit
 .text          0x000000000010267d       0xec binaries/ptrecv.o
                0x000000000010267d                ptrecv
 .text          0x0000000000102769       0x67 binaries/ptreset.o
                0x0000000000102769                ptreset
 .text          0x00000000001027d0      0x10d binaries/ptsend.o
                0x00000000001027d0                ptsend
 .text          0x00000000001028dd       0x5c binaries/putc.o
                0x00000000001028dd                putc
 .text          0x0000000000102939       0xb6 binaries/quark_irq.o
                0x0000000000102939                quark_irq_routing
 .text          0x00000000001029ef      0x19d binaries/quark_pdat.o
                0x00000000001029ef                get_quark_pdat_entry_data_by_id
                0x0000000000102abc                get_quark_pdat_entry_data_by_desc
 .text          0x0000000000102b8c       0xb5 binaries/queue.o
                0x0000000000102b8c                enqueue
                0x0000000000102bf6                dequeue
 .text          0x0000000000102c41       0x5e binaries/read.o
                0x0000000000102c41                read
 .text          0x0000000000102c9f       0xac binaries/read_cr.o
                0x0000000000102c9f                read_cr
                0x0000000000102d13                read_cr0
                0x0000000000102d21                read_cr2
                0x0000000000102d2f                read_cr3
                0x0000000000102d3d                read_cr4
 .text          0x0000000000102d4b       0x6f binaries/ready.o
                0x0000000000102d4b                ready
 .text          0x0000000000102dba       0x68 binaries/receive.o
                0x0000000000102dba                receive
 .text          0x0000000000102e22       0x50 binaries/recvclr.o
                0x0000000000102e22                recvclr
 .text          0x0000000000102e72       0xbc binaries/recvtime.o
                0x0000000000102e72                recvtime
 .text          0x0000000000102f2e      0x173 binaries/resched.o
                0x0000000000102f2e                resched
                0x000000000010302e                resched_cntl
 .text          0x00000000001030a1       0x83 binaries/resume.o
                0x00000000001030a1                resume
 .text          0x0000000000103124       0x5a binaries/seek.o
                0x0000000000103124                seek
 .text          0x000000000010317e       0x4f binaries/semcount.o
                0x000000000010317e                semcount
 .text          0x00000000001031cd       0x8a binaries/semcreate.o
                0x00000000001031cd                semcreate
 .text          0x0000000000103257       0xc8 binaries/semdelete.o
                0x0000000000103257                semdelete
 .text          0x000000000010331f       0xa7 binaries/semreset.o
                0x000000000010331f                semreset
 .text          0x00000000001033c6       0xcc binaries/send.o
                0x00000000001033c6                send
 .text          0x0000000000103492       0x14 binaries/set_PDBR.o
                0x0000000000103492                set_PDBR
 .text          0x00000000001034a6       0x95 binaries/signal.o
                0x00000000001034a6                signal
 .text          0x000000000010353b       0xba binaries/signaln.o
                0x000000000010353b                signaln
 .text          0x00000000001035f5       0xc7 binaries/sleep.o
                0x00000000001035f5                sleepms
                0x0000000000103686                sleep
 .text          0x00000000001036bc      0x1b4 binaries/stacktrace.o
                0x00000000001036bc                stacktrace
 .text          0x0000000000103870       0xc8 binaries/suspend.o
                0x0000000000103870                suspend
 .text          0x0000000000103938       0x98 binaries/unsleep.o
                0x0000000000103938                unsleep
 .text          0x00000000001039d0       0x15 binaries/userret.o
                0x00000000001039d0                userret
 .text          0x00000000001039e5       0xb7 binaries/wait.o
                0x00000000001039e5                wait
 .text          0x0000000000103a9c       0x6d binaries/wakeup.o
                0x0000000000103a9c                wakeup
 .text          0x0000000000103b09       0x5e binaries/write.o
                0x0000000000103b09                write
 .text          0x0000000000103b67       0x94 binaries/write_cr.o
                0x0000000000103b67                write_cr
                0x0000000000103bc5                write_cr0
                0x0000000000103bd7                write_cr3
                0x0000000000103be9                write_cr4
 .text          0x0000000000103bfb       0x16 binaries/xdone.o
                0x0000000000103bfb                xdone
 .text          0x0000000000103c11       0x23 binaries/yield.o
                0x0000000000103c11                yield
 .text          0x0000000000103c34        0xe binaries/abs.o
                0x0000000000103c34                abs
 .text          0x0000000000103c42       0x81 binaries/atoi.o
                0x0000000000103c42                atoi
 .text          0x0000000000103cc3       0x81 binaries/atol.o
                0x0000000000103cc3                atol
 .text          0x0000000000103d44       0x18 binaries/bzero.o
                0x0000000000103d44                bzero
 .text          0x0000000000103d5c        0x0 binaries/ctype_.o
 .text          0x0000000000103d5c      0x6e4 binaries/doprnt.o
                0x0000000000103eb0                _doprnt
 .text          0x0000000000104440      0x69b binaries/doscan.o
                0x0000000000104440                _doscan
 .text          0x0000000000104adb      0x723 binaries/fdoprnt.o
                0x0000000000104b5f                _fdoprnt
 .text          0x00000000001051fe       0x1c binaries/fgetc.o
                0x00000000001051fe                fgetc
 .text          0x000000000010521a       0x62 binaries/fgets.o
                0x000000000010521a                fgets
 .text          0x000000000010527c       0x23 binaries/fprintf.o
                0x000000000010527c                fprintf
 .text          0x000000000010529f       0x29 binaries/fputc.o
                0x000000000010529f                fputc
 .text          0x00000000001052c8       0x3b binaries/fputs.o
                0x00000000001052c8                fputs
 .text          0x0000000000105303       0x6a binaries/fscanf.o
                0x000000000010533d                fscanf
 .text          0x000000000010536d       0x23 binaries/getchar.o
                0x000000000010536d                getchar
 .text          0x0000000000105390        0xe binaries/labs.o
                0x0000000000105390                labs
 .text          0x000000000010539e       0x32 binaries/memchr.o
                0x000000000010539e                memchr
 .text          0x00000000001053d0       0x49 binaries/memcmp.o
                0x00000000001053d0                memcmp
 .text          0x0000000000105419       0x25 binaries/memcpy.o
                0x0000000000105419                memcpy
 .text          0x000000000010543e       0x1e binaries/memset.o
                0x000000000010543e                memset
 .text          0x000000000010545c       0x36 binaries/printf.o
                0x000000000010545c                printf
 .text          0x0000000000105492       0x27 binaries/putchar.o
                0x0000000000105492                putchar
 .text          0x00000000001054b9      0x1c8 binaries/qsort.o
                0x0000000000105656                qsort
 .text          0x0000000000105681       0x45 binaries/rand.o
                0x0000000000105681                srand
                0x000000000010568b                rand
 .text          0x00000000001056c6       0x49 binaries/sprintf.o
                0x00000000001056dd                sprintf
 .text          0x000000000010570f       0x57 binaries/sscanf.o
                0x0000000000105738                sscanf
 .text          0x0000000000105766       0x2d binaries/strchr.o
                0x0000000000105766                strchr
 .text          0x0000000000105793       0x43 binaries/strcmp.o
                0x0000000000105793                strcmp
 .text          0x00000000001057d6       0x1a binaries/strcpy.o
                0x00000000001057d6                strcpy
 .text          0x00000000001057f0       0x1c binaries/strlen.o
                0x00000000001057f0                strlen
 .text          0x000000000010580c       0x3c binaries/strncat.o
                0x000000000010580c                strncat
 .text          0x0000000000105848       0x3a binaries/strncmp.o
                0x0000000000105848                strncmp
 .text          0x0000000000105882       0x58 binaries/strncpy.o
                0x0000000000105882                strncpy
 .text          0x00000000001058da       0x36 binaries/strnlen.o
                0x00000000001058da                strnlen
 .text          0x0000000000105910       0x30 binaries/strrchr.o
                0x0000000000105910                strrchr
 .text          0x0000000000105940       0x66 binaries/strstr.o
                0x0000000000105940                strstr
 .text          0x00000000001059a6      0x10a binaries/ttycontrol.o
                0x00000000001059a6                ttycontrol
 .text          0x0000000000105ab0       0xaa binaries/ttygetc.o
                0x0000000000105ab0                ttygetc
 .text          0x0000000000105b5a      0x477 binaries/ttyhandle_in.o
                0x0000000000105c10                ttyhandle_in
 .text          0x0000000000105fd1      0x16e binaries/ttyhandle_out.o
                0x0000000000105fd1                ttyhandle_out
 .text          0x000000000010613f       0x84 binaries/ttyhandler.o
                0x000000000010613f                ttyhandler
 .text          0x00000000001061c3      0x157 binaries/ttyinit.o
                0x00000000001061c3                ttyinit
 .text          0x000000000010631a        0xc binaries/ttykickout.o
                0x000000000010631a                ttykickout
 .text          0x0000000000106326       0xac binaries/ttyputc.o
                0x0000000000106326                ttyputc
 .text          0x00000000001063d2       0xf3 binaries/ttyread.o
                0x00000000001063d2                ttyread
 .text          0x00000000001064c5       0x46 binaries/ttywrite.o
                0x00000000001064c5                ttywrite
 .text          0x000000000010650b      0x125 binaries/mount.o
                0x000000000010650b                namlen
                0x0000000000106543                mount
 .text          0x0000000000106630      0x196 binaries/naminit.o
                0x0000000000106630                naminit
 .text          0x00000000001067c6      0x1ff binaries/nammap.o
                0x00000000001067c6                namrepl
                0x00000000001068e7                namcpy
                0x0000000000106934                nammap
 .text          0x00000000001069c5       0x4e binaries/namopen.o
                0x00000000001069c5                namopen
 .text          0x0000000000106a13       0xce binaries/colon2mac.o
                0x0000000000106a13                colon2mac
 .text          0x0000000000106ae1       0x81 binaries/ethcontrol.o
                0x0000000000106ae1                ethcontrol
 .text          0x0000000000106b62      0x172 binaries/ethhandler.o
                0x0000000000106b62                ethhandler
 .text          0x0000000000106cd4      0x550 binaries/ethinit.o
                0x0000000000106cd4                eth_phy_read
                0x0000000000106d11                eth_phy_write
                0x0000000000106d51                eth_phy_reset
                0x0000000000106e2b                ethinit
 .text          0x0000000000107224       0xff binaries/ethmcast.o
                0x0000000000107224                ethmcast_add
                0x0000000000107271                ethmcast_remove
 .text          0x0000000000107323      0x174 binaries/ethread.o
                0x0000000000107323                ethread
 .text          0x0000000000107497       0xbd binaries/ethwrite.o
                0x0000000000107497                ethwrite
 .text          0x0000000000107554       0x66 binaries/rdsbufalloc.o
                0x0000000000107554                rdsbufalloc
 .text          0x00000000001075ba       0xcd binaries/rdsclose.o
                0x00000000001075ba                rdsclose
 .text          0x0000000000107687      0x1e7 binaries/rdscomm.o
                0x0000000000107687                rdscomm
 .text          0x000000000010786e      0x1c2 binaries/rdscontrol.o
                0x000000000010786e                rdscontrol
 .text          0x0000000000107a30      0x1a0 binaries/rdsinit.o
                0x0000000000107a30                rdsinit
 .text          0x0000000000107bd0      0x1a1 binaries/rdsopen.o
                0x0000000000107bd0                rdsopen
 .text          0x0000000000107d71      0x313 binaries/rdsprocess.o
                0x0000000000107d71                rdsprocess
 .text          0x0000000000108084      0x1e2 binaries/rdsread.o
                0x0000000000108084                rdsread
 .text          0x0000000000108266      0x1ac binaries/rdswrite.o
                0x0000000000108266                rdswrite
 .text          0x0000000000108412        0x6 binaries/ramclose.o
                0x0000000000108412                ramclose
 .text          0x0000000000108418       0x34 binaries/raminit.o
                0x0000000000108418                raminit
 .text          0x000000000010844c        0x7 binaries/ramopen.o
                0x000000000010844c                ramopen
 .text          0x0000000000108453       0x27 binaries/ramread.o
                0x0000000000108453                ramread
 .text          0x000000000010847a       0x27 binaries/ramwrite.o
                0x000000000010847a                ramwrite
 .text          0x00000000001084a1       0x87 binaries/lfdballoc.o
                0x00000000001084a1                lfdballoc
 .text          0x0000000000108528       0x4d binaries/lfdbfree.o
                0x0000000000108528                lfdbfree
 .text          0x0000000000108575       0x9f binaries/lfflush.o
                0x0000000000108575                lfflush
 .text          0x0000000000108614       0x7a binaries/lfgetmode.o
                0x0000000000108614                lfgetmode
 .text          0x000000000010868e       0x5f binaries/lfiballoc.o
                0x000000000010868e                lfiballoc
 .text          0x00000000001086ed       0x25 binaries/lfibclear.o
                0x00000000001086ed                lfibclear
 .text          0x0000000000108712       0x74 binaries/lfibget.o
                0x0000000000108712                lfibget
 .text          0x0000000000108786       0x91 binaries/lfibput.o
                0x0000000000108786                lfibput
 .text          0x0000000000108817       0xa1 binaries/lflclose.o
                0x0000000000108817                lflclose
 .text          0x00000000001088b8       0xbe binaries/lflcontrol.o
                0x00000000001088b8                lflcontrol
 .text          0x0000000000108976       0xf7 binaries/lflgetc.o
                0x0000000000108976                lflgetc
 .text          0x0000000000108a6d       0xe4 binaries/lflinit.o
                0x0000000000108a6d                lflinit
 .text          0x0000000000108b51      0x12d binaries/lflputc.o
                0x0000000000108b51                lflputc
 .text          0x0000000000108c7e       0x6a binaries/lflread.o
                0x0000000000108c7e                lflread
 .text          0x0000000000108ce8       0xb8 binaries/lflseek.o
                0x0000000000108ce8                lflseek
 .text          0x0000000000108da0       0x4e binaries/lflwrite.o
                0x0000000000108da0                lflwrite
 .text          0x0000000000108dee      0x11a binaries/lfsckfmt.o
                0x0000000000108dee                lfsckfmt
 .text          0x0000000000108f08      0x1bd binaries/lfscreate.o
                0x0000000000108f08                lfscreate
 .text          0x00000000001090c5      0x1a4 binaries/lfsetup.o
                0x00000000001090c5                lfsetup
 .text          0x0000000000109269       0x44 binaries/lfsinit.o
                0x0000000000109269                lfsinit
 .text          0x00000000001092ad      0x303 binaries/lfsopen.o
                0x00000000001092ad                lfsopen
 .text          0x00000000001095b0      0x11d binaries/lftruncate.o
                0x00000000001095b0                lftruncate
 .text          0x00000000001096cd       0x69 binaries/rflclose.o
                0x00000000001096cd                rflclose
 .text          0x0000000000109736       0x2b binaries/rflgetc.o
                0x0000000000109736                rflgetc
 .text          0x0000000000109761       0x69 binaries/rflinit.o
                0x0000000000109761                rflinit
 .text          0x00000000001097ca       0x2c binaries/rflputc.o
                0x00000000001097ca                rflputc
 .text          0x00000000001097f6      0x2c8 binaries/rflread.o
                0x00000000001097f6                rflread
 .text          0x0000000000109abe       0x69 binaries/rflseek.o
                0x0000000000109abe                rflseek
 .text          0x0000000000109b27      0x2ec binaries/rflwrite.o
                0x0000000000109b27                rflwrite
 .text          0x0000000000109e13      0x17d binaries/rfscomm.o
                0x0000000000109e13                rfscomm
 .text          0x0000000000109f90      0x246 binaries/rfscontrol.o
                0x0000000000109f90                rfscontrol
 .text          0x000000000010a1d6       0x7a binaries/rfsgetmode.o
                0x000000000010a1d6                rfsgetmode
 .text          0x000000000010a250       0x7d binaries/rfsinit.o
                0x000000000010a250                rfsinit
 .text          0x000000000010a2cd       0xb7 binaries/rfsndmsg.o
                0x000000000010a2cd                rfsndmsg
 .text          0x000000000010a384      0x24f binaries/rfsopen.o
                0x000000000010a384                rfsopen
 .text          0x000000000010a5d3      0x619 binaries/arp.o
                0x000000000010a5d3                arp_init
                0x000000000010a5eb                arp_alloc
                0x000000000010a68f                arp_ntoh
                0x000000000010a6f9                arp_hton
                0x000000000010a763                arp_resolve
                0x000000000010a9b5                arp_in
 .text          0x000000000010abec      0x5a3 binaries/dhcp.o
                0x000000000010abec                dhcp_get_opt_val
                0x000000000010ac3f                dhcp_bld_bootp_msg
                0x000000000010ad0d                dhcp_bld_disc
                0x000000000010ad5d                dhcp_bld_req
                0x000000000010adf7                getlocalip
 .text          0x000000000010b18f       0xcc binaries/dot2ip.o
                0x000000000010b18f                dot2ip
 .text          0x000000000010b25b      0x378 binaries/hexdump.o
                0x000000000010b25b                hexdump
                0x000000000010b3aa                hexadump
 .text          0x000000000010b5d3      0x6e6 binaries/icmp.o
                0x000000000010b5d3                icmp_init
                0x000000000010b5eb                icmp_register
                0x000000000010b6a9                icmp_recv
                0x000000000010b84c                icmp_mkpkt
                0x000000000010b91d                icmp_in
                0x000000000010bab1                icmp_send
                0x000000000010bb20                icmp_release
                0x000000000010bc38                icmp_cksum
                0x000000000010bc91                icmp_hton
                0x000000000010bca5                icmp_ntoh
 .text          0x000000000010bcb9      0x5d0 binaries/ip.o
                0x000000000010bcb9                ip_local
                0x000000000010bcf9                ipcksum
                0x000000000010bd4c                ip_ntoh
                0x000000000010bdb6                ip_in
                0x000000000010bed9                ip_hton
                0x000000000010bf43                ip_out
                0x000000000010bff6                ip_send
                0x000000000010c101                ipout
                0x000000000010c1f1                ip_enqueue
 .text          0x000000000010c289      0x1a8 binaries/net.o
                0x000000000010c289                net_init
                0x000000000010c37f                eth_hton
                0x000000000010c389                eth_ntoh
                0x000000000010c393                netin
 .text          0x000000000010c431       0xb3 binaries/netstart.o
                0x000000000010c431                netstart
 .text          0x000000000010c4e4      0xa2d binaries/pdump.o
                0x000000000010c4e4                pdump
                0x000000000010cac8                pdumph
 .text          0x000000000010cf11      0x5bc binaries/tftp.o
                0x000000000010cf11                tftp_send1
                0x000000000010d02d                tftpget_mb
                0x000000000010d4a6                tftpget
 .text          0x000000000010d4cd      0xa03 binaries/udp.o
                0x000000000010d4cd                udp_init
                0x000000000010d50a                udp_in
                0x000000000010d629                udp_register
                0x000000000010d746                udp_recv
                0x000000000010d8d1                udp_recvaddr
                0x000000000010da70                udp_send
                0x000000000010dc2b                udp_sendto
                0x000000000010dd9e                udp_release
                0x000000000010dea8                udp_ntoh
                0x000000000010debc                udp_hton
 .text          0x000000000010ded0      0x12c binaries/addargs.o
                0x000000000010ded0                addargs
 .text          0x000000000010dffc      0x1e2 binaries/lexan.o
                0x000000000010dffc                lexan
 .text          0x000000000010e1de      0x5bd binaries/shell.o
                0x000000000010e1de                shell
 .text          0x000000000010e79b       0x57 binaries/xsh_argecho.o
                0x000000000010e79b                xsh_argecho
 .text          0x000000000010e7f2      0x1ff binaries/xsh_arp.o
                0x000000000010e7f2                xsh_arp
 .text          0x000000000010e9f1      0x202 binaries/xsh_cat.o
                0x000000000010e9f1                xsh_cat
 .text          0x000000000010ebf3       0x57 binaries/xsh_clear.o
                0x000000000010ebf3                xsh_clear
 .text          0x000000000010ec4a      0x2ab binaries/xsh_date.o
                0x000000000010ec4a                xsh_date
 .text          0x000000000010eef5       0x87 binaries/xsh_devdump.o
                0x000000000010eef5                xsh_devdump
 .text          0x000000000010ef7c       0x5e binaries/xsh_echo.o
                0x000000000010ef7c                xsh_echo
 .text          0x000000000010efda        0x6 binaries/xsh_exit.o
                0x000000000010efda                xsh_exit
 .text          0x000000000010efe0      0x332 binaries/xsh_help.o
                0x000000000010efe0                xsh_help
 .text          0x000000000010f312      0x389 binaries/xsh_ipaddr.o
                0x000000000010f312                xsh_ipaddr
 .text          0x000000000010f69b      0x1d5 binaries/xsh_kill.o
                0x000000000010f69b                xsh_kill
 .text          0x000000000010f870      0x3e6 binaries/xsh_memdump.o
                0x000000000010f932                xsh_memdump
 .text          0x000000000010fc56      0x1d5 binaries/xsh_memstat.o
                0x000000000010fc56                xsh_memstat
 .text          0x000000000010fe2b      0x2bb binaries/xsh_ping.o
                0x000000000010fe2b                xsh_ping
 .text          0x00000000001100e6      0x1ab binaries/xsh_ps.o
                0x00000000001100e6                xsh_ps
 .text          0x0000000000110291      0x1bf binaries/xsh_sleep.o
                0x0000000000110291                xsh_sleep
 .text          0x0000000000110450      0x1d3 binaries/xsh_udpdump.o
                0x0000000000110450                xsh_udpdump
 .text          0x0000000000110623      0x3f2 binaries/xsh_udpecho.o
                0x0000000000110623                xsh_udpecho
 .text          0x0000000000110a15      0x233 binaries/xsh_udpeserver.o
                0x0000000000110a15                xsh_udpeserver
 .text          0x0000000000110c48      0x1bc binaries/xsh_uptime.o
                0x0000000000110c48                xsh_uptime
 .text          0x0000000000110e04       0x90 binaries/allocate_bs.o
                0x0000000000110e04                allocate_bs
 .text          0x0000000000110e94      0x146 binaries/bs_map.o
                0x0000000000110e94                add_bs_map
                0x0000000000110ed6                delete_mapping_bs
                0x0000000000110f60                find_mapping
                0x0000000000110f9c                clean_frame_bs
 .text          0x0000000000110fda       0x6e binaries/close_bs.o
                0x0000000000110fda                close_bs
 .text          0x0000000000111048       0xef binaries/create_pd.o
                0x0000000000111048                create_pd
 .text          0x0000000000111137       0x59 binaries/create_pt.o
                0x0000000000111137                create_pt
 .text          0x0000000000111190       0x99 binaries/deallocate_bs.o
                0x0000000000111190                deallocate_bs
 .text          0x0000000000111229      0x408 binaries/frame.o
                0x0000000000111229                init_frame_table
                0x0000000000111286                fifo_enqueue
                0x00000000001112a4                fifo_dequeue_bs_frame
                0x00000000001112c8                remove_frame_from_backing_store
                0x0000000000111303                rm_all_free_frame
                0x0000000000111347                free_frame
                0x00000000001113e0                dec_frame_refcount
                0x0000000000111407                rm_page_links
                0x0000000000111500                remove_frame
                0x000000000011157b                create_frame
                0x00000000001115eb                lookup_frame_mappedto_bspage
 .text          0x0000000000111631       0x20 binaries/free_page.o
                0x0000000000111631                free_page
 .text          0x0000000000111651       0x48 binaries/free_pd.o
                0x0000000000111651                free_pd
 .text          0x0000000000111699       0x31 binaries/free_pt.o
                0x0000000000111699                free_pt
 .text          0x00000000001116ca       0xc4 binaries/get_bs.o
                0x00000000001116ca                get_bs
 .text          0x000000000011178e       0xe2 binaries/init_pg_tab.o
                0x000000000011178e                init_pg_tab
 .text          0x0000000000111870       0x6e binaries/open_bs.o
                0x0000000000111870                open_bs
 .text          0x00000000001118de      0x217 binaries/pg_fault_handler.o
                0x00000000001118de                pg_fault_handler
 .text          0x0000000000111af5       0xba binaries/proc_clean_bs.o
                0x0000000000111af5                proc_clean_bs
 .text          0x0000000000111baf       0xec binaries/psinit.o
                0x0000000000111baf                psinit
 .text          0x0000000000111c9b      0x16c binaries/read_bs.o
                0x0000000000111c9b                read_bs
 .text          0x0000000000111e07       0xa1 binaries/release_bs.o
                0x0000000000111e07                release_bs
 .text          0x0000000000111ea8       0x34 binaries/srpolicy.o
                0x0000000000111ea8                srpolicy
 .text          0x0000000000111edc       0xf0 binaries/vcreate.o
                0x0000000000111edc                vcreate
 .text          0x0000000000111fcc      0x139 binaries/vfreemem.o
                0x0000000000111fcc                vfreemem
 .text          0x0000000000112105      0x151 binaries/vgetmem.o
                0x0000000000112105                vgetmem
 .text          0x0000000000112256      0x139 binaries/write_bs.o
                0x0000000000112256                write_bs
 .text          0x000000000011238f        0xe binaries/clkdisp.o
                0x000000000011238f                clkdisp
 .text          0x000000000011239d       0x19 binaries/ctxsw.o
                0x000000000011239d                ctxsw
 .text          0x00000000001123b6      0x36b binaries/intr.o
                0x00000000001123b6                disable
                0x00000000001123bf                restore
                0x00000000001123cd                enable
                0x00000000001123cf                pause
                0x00000000001123d6                halt
                0x00000000001123dc                spurious_irq7
                0x00000000001123e1                spurious_irq15
                0x00000000001123f0                _Xint0
                0x00000000001123fb                _Xint1
                0x0000000000112406                _Xint2
                0x0000000000112411                _Xint3
                0x000000000011241c                _Xint4
                0x0000000000112427                _Xint5
                0x0000000000112432                _Xint6
                0x000000000011243d                _Xint7
                0x0000000000112448                _Xint8
                0x0000000000112453                _Xint9
                0x000000000011245e                _Xint10
                0x0000000000112469                _Xint11
                0x0000000000112477                _Xint12
                0x0000000000112485                _Xint13
                0x0000000000112493                _Xint14
                0x00000000001124a1                _Xint15
                0x00000000001124af                _Xint16
                0x00000000001124bd                _Xint17
                0x00000000001124cb                _Xint18
                0x00000000001124d9                _Xint19
                0x00000000001124e7                _Xint20
                0x00000000001124f5                _Xint21
                0x0000000000112503                _Xint22
                0x0000000000112511                _Xint23
                0x000000000011251f                _Xint24
                0x000000000011252d                _Xint25
                0x000000000011253b                _Xint26
                0x0000000000112549                _Xint27
                0x0000000000112557                _Xint28
                0x0000000000112565                _Xint29
                0x0000000000112573                _Xint30
                0x0000000000112581                _Xint31
                0x000000000011258f                _Xint32
                0x000000000011259d                _Xint33
                0x00000000001125ab                _Xint34
                0x00000000001125b9                _Xint35
                0x00000000001125c7                _Xint36
                0x00000000001125d5                _Xint37
                0x00000000001125e3                _Xint38
                0x00000000001125f1                _Xint39
                0x00000000001125ff                _Xint40
                0x000000000011260d                _Xint41
                0x000000000011261b                _Xint42
                0x0000000000112629                _Xint43
                0x0000000000112637                _Xint44
                0x0000000000112645                _Xint45
                0x0000000000112653                _Xint46
                0x0000000000112661                defevec
 .text          0x0000000000112721        0xf binaries/ttydispatch.o
                0x0000000000112721                ttydispatch
 .text          0x0000000000112730       0x13 binaries/ethdispatch.o
                0x0000000000112730                ethdispatch
 .text          0x0000000000112743       0x14 binaries/page_fault.o
                0x0000000000112743                pferr
                0x0000000000112747                page_fault
 *(.rodata .rodata.*)
 .rodata.str1.1
                0x0000000000112757       0x16 binaries/app.o
 .rodata.str1.1
                0x000000000011276d       0x54 binaries/ascdate.o
 *fill*         0x00000000001127c1        0x3 
 .rodata.str1.4
                0x00000000001127c4       0x22 binaries/ascdate.o
 .rodata.str1.1
                0x00000000001127e6       0x5f binaries/conf.o
 *fill*         0x0000000000112845        0x3 
 .rodata.str1.4
                0x0000000000112848       0x46 binaries/create.o
 *fill*         0x000000000011288e        0x2 
 .rodata.str1.4
                0x0000000000112890       0x4f binaries/early_imr.o
 *fill*         0x00000000001128df        0x1 
 .rodata        0x00000000001128e0       0x33 binaries/early_imr.o
 .rodata.str1.1
                0x0000000000112913      0x20c binaries/evec.o
 *fill*         0x0000000000112b1f        0x1 
 .rodata.str1.4
                0x0000000000112b20       0x23 binaries/evec.o
 *fill*         0x0000000000112b43        0x1 
 .rodata.str1.4
                0x0000000000112b44       0x38 binaries/get_faults.o
 .rodata.str1.1
                0x0000000000112b7c        0xb binaries/getutime.o
 *fill*         0x0000000000112b87        0x1 
 .rodata.str1.4
                0x0000000000112b88       0x54 binaries/getutime.o
 .rodata.str1.1
                0x0000000000112bdc       0x38 binaries/hooks.o
 .rodata.str1.4
                0x0000000000112c14       0x50 binaries/hooks.o
 .rodata.str1.1
                0x0000000000112c64       0x6b binaries/initialize.o
                                         0x6f (size before relaxing)
 *fill*         0x0000000000112ccf        0x1 
 .rodata.str1.4
                0x0000000000112cd0       0xf6 binaries/initialize.o
 *fill*         0x0000000000112dc6        0x2 
 .rodata        0x0000000000112dc8       0x20 binaries/kill.o
 .rodata.str1.1
                0x0000000000112de8       0x84 binaries/main.o
 .rodata.str1.1
                0x0000000000112e6c        0xf binaries/panic.o
 .rodata.str1.1
                0x0000000000112e7b       0x1c binaries/ptinit.o
 *fill*         0x0000000000112e97        0x1 
 .rodata.str1.4
                0x0000000000112e98       0x25 binaries/ptsend.o
 .rodata.str1.1
                0x0000000000112ebd       0x22 binaries/quark_pdat.o
 .rodata.str1.1
                0x0000000000112edf       0x15 binaries/read_cr.o
 .rodata.str1.1
                0x0000000000112ef4       0x15 binaries/resched.o
 *fill*         0x0000000000112f09        0x3 
 .rodata.str1.4
                0x0000000000112f0c       0x63 binaries/stacktrace.o
 .rodata.str1.1
                0x0000000000112f6f       0x52 binaries/stacktrace.o
 .rodata.str1.1
                0x0000000000112fc1       0x14 binaries/write_cr.o
 *fill*         0x0000000000112fd5        0x3 
 .rodata.str1.4
                0x0000000000112fd8       0x27 binaries/xdone.o
 *fill*         0x0000000000112fff        0x1 
 .rodata        0x0000000000113000       0x81 binaries/ctype_.o
                0x0000000000113000                _ctype_
 .rodata.str1.1
                0x0000000000113081       0x29 binaries/doprnt.o
 *fill*         0x00000000001130aa        0x2 
 .rodata        0x00000000001130ac       0xc4 binaries/doprnt.o
 .rodata        0x0000000000113170       0x98 binaries/doscan.o
 .rodata.str1.1
                0x0000000000113208       0x29 binaries/fdoprnt.o
 .rodata        0x0000000000113208       0x84 binaries/fdoprnt.o
 .rodata        0x000000000011328c       0x20 binaries/ttycontrol.o
 .rodata.str1.4
                0x00000000001132ac       0x4c binaries/naminit.o
 .rodata.str1.1
                0x00000000001132f8       0x32 binaries/naminit.o
                                         0x35 (size before relaxing)
 .rodata.str1.1
                0x000000000011332a       0x15 binaries/ethinit.o
 *fill*         0x000000000011333f        0x1 
 .rodata.str1.4
                0x0000000000113340       0x2e binaries/ethinit.o
 *fill*         0x000000000011336e        0x2 
 .rodata.str1.4
                0x0000000000113370       0x2c binaries/rdsbufalloc.o
 .rodata.str1.4
                0x000000000011339c       0x76 binaries/rdscomm.o
 *fill*         0x0000000000113412        0x2 
 .rodata.str1.4
                0x0000000000113414       0x48 binaries/rdscontrol.o
 .rodata.str1.4
                0x000000000011345c       0x5a binaries/rdsinit.o
 .rodata.str1.1
                0x00000000001134b6       0x10 binaries/rdsinit.o
 *fill*         0x00000000001134c6        0x2 
 .rodata.str1.4
                0x00000000001134c8       0x22 binaries/rdsopen.o
 *fill*         0x00000000001134ea        0x2 
 .rodata.str1.4
                0x00000000001134ec       0x4d binaries/rdsprocess.o
 .rodata.str1.1
                0x0000000000113539        0x9 binaries/raminit.o
 .rodata.str1.1
                0x0000000000113542       0x13 binaries/lfdballoc.o
 *fill*         0x0000000000113555        0x3 
 .rodata.str1.4
                0x0000000000113558       0x23 binaries/lfdballoc.o
 .rodata.str1.1
                0x000000000011357b       0x14 binaries/lfiballoc.o
 *fill*         0x000000000011358f        0x1 
 .rodata.str1.4
                0x0000000000113590       0x23 binaries/lflcontrol.o
 .rodata.str1.1
                0x00000000001135b3       0x64 binaries/lfsckfmt.o
 *fill*         0x0000000000113617        0x1 
 .rodata.str1.4
                0x0000000000113618       0x51 binaries/lfsckfmt.o
 *fill*         0x0000000000113669        0x3 
 .rodata.str1.4
                0x000000000011366c       0x21 binaries/rflread.o
 .rodata.str1.4
                0x000000000011368d       0x21 binaries/rflwrite.o
 *fill*         0x000000000011368d        0x3 
 .rodata.str1.4
                0x0000000000113690       0x75 binaries/rfscomm.o
 *fill*         0x0000000000113705        0x3 
 .rodata.str1.4
                0x0000000000113708       0x23 binaries/rfscontrol.o
 *fill*         0x000000000011372b        0x1 
 .rodata        0x000000000011372c       0x18 binaries/rfscontrol.o
 .rodata.str1.1
                0x0000000000113744       0x10 binaries/rfsinit.o
 .rodata.str1.4
                0x0000000000113744       0x57 binaries/rfsinit.o
 *fill*         0x000000000011379b        0x1 
 .rodata.str1.4
                0x000000000011379c       0x2a binaries/rfsndmsg.o
 .rodata.str1.4
                0x00000000001137c6       0x22 binaries/rfsopen.o
 .rodata.str1.1
                0x00000000001137c6       0x19 binaries/arp.o
 *fill*         0x00000000001137df        0x1 
 .rodata.str1.4
                0x00000000001137e0       0x21 binaries/arp.o
 *fill*         0x0000000000113801        0x3 
 .rodata.str1.4
                0x0000000000113804       0xa6 binaries/dhcp.o
 .rodata.str1.1
                0x00000000001138aa       0x4a binaries/dhcp.o
 .rodata.str1.1
                0x00000000001138f4       0x5a binaries/hexdump.o
                                         0x61 (size before relaxing)
 *fill*         0x000000000011394e        0x2 
 .rodata.str1.4
                0x0000000000113950       0x67 binaries/hexdump.o
 *fill*         0x00000000001139b7        0x1 
 .rodata.str1.4
                0x00000000001139b8       0x29 binaries/icmp.o
 .rodata.str1.1
                0x00000000001139e1       0x4e binaries/ip.o
 *fill*         0x0000000000113a2f        0x1 
 .rodata.str1.4
                0x0000000000113a30       0x20 binaries/ip.o
 .rodata.str1.4
                0x0000000000113a50       0x28 binaries/net.o
 .rodata.str1.1
                0x0000000000113a78       0x27 binaries/net.o
 *fill*         0x0000000000113a9f        0x1 
 .rodata.str1.4
                0x0000000000113aa0       0xcf binaries/netstart.o
 .rodata.str1.1
                0x0000000000113b6f      0x141 binaries/pdump.o
                                        0x14b (size before relaxing)
 .rodata.str1.4
                0x0000000000113cb0      0x126 binaries/pdump.o
 *fill*         0x0000000000113dd6        0x2 
 .rodata.str1.4
                0x0000000000113dd8      0x148 binaries/tftp.o
 .rodata.str1.1
                0x0000000000113f20        0x6 binaries/tftp.o
                                          0xa (size before relaxing)
 .rodata.str1.1
                0x0000000000113f26       0xe3 binaries/shell.o
                                         0xff (size before relaxing)
 *fill*         0x0000000000114009        0x3 
 .rodata.str1.4
                0x000000000011400c      0x1c4 binaries/shell.o
 *fill*         0x00000000001141d0       0x10 
 .rodata        0x00000000001141e0       0xfc binaries/shell.o
                0x00000000001141e0                cmdtab
 .rodata.str1.1
                0x00000000001142dc       0x26 binaries/xsh_argecho.o
                                         0x28 (size before relaxing)
 .rodata.str1.1
                0x0000000000114302       0x70 binaries/xsh_arp.o
                                         0x72 (size before relaxing)
 *fill*         0x0000000000114372        0x2 
 .rodata.str1.4
                0x0000000000114374       0xb4 binaries/xsh_arp.o
 .rodata.str1.1
                0x0000000000114428       0x2d binaries/xsh_cat.o
                                         0x4f (size before relaxing)
 *fill*         0x0000000000114455        0x3 
 .rodata.str1.4
                0x0000000000114458       0x52 binaries/xsh_cat.o
                                         0x79 (size before relaxing)
 .rodata.str1.1
                0x00000000001144aa       0x15 binaries/xsh_clear.o
 .rodata.str1.1
                0x00000000001144bf       0x46 binaries/xsh_date.o
                                         0x5f (size before relaxing)
 *fill*         0x0000000000114505        0x3 
 .rodata.str1.4
                0x0000000000114508      0x163 binaries/xsh_date.o
 .rodata.str1.1
                0x000000000011466b       0x5d binaries/xsh_devdump.o
 .rodata.str1.1
                0x00000000001146c8        0x4 binaries/xsh_echo.o
                                          0x9 (size before relaxing)
 .rodata.str1.1
                0x00000000001146cc       0x65 binaries/xsh_help.o
                                         0xa3 (size before relaxing)
 *fill*         0x0000000000114731        0x3 
 .rodata.str1.4
                0x0000000000114734       0x7c binaries/xsh_help.o
                                         0xc6 (size before relaxing)
 .rodata.str1.1
                0x00000000001147b0       0x9c binaries/xsh_ipaddr.o
                                         0xf8 (size before relaxing)
 .rodata.str1.4
                0x000000000011484c       0x4d binaries/xsh_ipaddr.o
                                         0x99 (size before relaxing)
 .rodata.str1.1
                0x0000000000114899       0x78 binaries/xsh_kill.o
                                         0x97 (size before relaxing)
 *fill*         0x0000000000114911        0x3 
 .rodata.str1.4
                0x0000000000114914       0x4a binaries/xsh_kill.o
                                         0x96 (size before relaxing)
 .rodata.str1.1
                0x000000000011495e       0x84 binaries/xsh_memdump.o
                                         0xa8 (size before relaxing)
 *fill*         0x00000000001149e2        0x2 
 .rodata.str1.4
                0x00000000001149e4      0x15a binaries/xsh_memdump.o
                                        0x1aa (size before relaxing)
 .rodata.str1.1
                0x0000000000114b3e       0x40 binaries/xsh_memstat.o
                                         0x79 (size before relaxing)
 *fill*         0x0000000000114b7e        0x2 
 .rodata.str1.4
                0x0000000000114b80      0x187 binaries/xsh_memstat.o
                                        0x1af (size before relaxing)
 .rodata.str1.1
                0x0000000000114d07       0x90 binaries/xsh_ping.o
                                         0xaf (size before relaxing)
 *fill*         0x0000000000114d97        0x1 
 .rodata.str1.4
                0x0000000000114d98       0x77 binaries/xsh_ping.o
                                         0xc6 (size before relaxing)
 .rodata.str1.1
                0x0000000000114e0f       0x74 binaries/xsh_ps.o
                                         0xd5 (size before relaxing)
 *fill*         0x0000000000114e83        0x1 
 .rodata.str1.4
                0x0000000000114e84       0x80 binaries/xsh_ps.o
                                         0xd0 (size before relaxing)
 *fill*         0x0000000000114f04       0x1c 
 .rodata        0x0000000000114f20       0x20 binaries/xsh_ps.o
 .rodata.str1.1
                0x0000000000114f40       0x31 binaries/xsh_sleep.o
                                         0x72 (size before relaxing)
 *fill*         0x0000000000114f71        0x3 
 .rodata.str1.4
                0x0000000000114f74       0x2a binaries/xsh_sleep.o
                                         0x7a (size before relaxing)
 .rodata.str1.1
                0x0000000000114f9e       0x6b binaries/xsh_udpdump.o
                                         0xd2 (size before relaxing)
 *fill*         0x0000000000115009        0x3 
 .rodata.str1.4
                0x000000000011500c       0x94 binaries/xsh_udpdump.o
                                         0xe4 (size before relaxing)
 .rodata.str1.1
                0x00000000001150a0       0xdb binaries/xsh_udpecho.o
                                         0xfa (size before relaxing)
 *fill*         0x000000000011517b        0x1 
 .rodata.str1.4
                0x000000000011517c       0xc7 binaries/xsh_udpecho.o
                                        0x116 (size before relaxing)
 .rodata.str1.1
                0x0000000000115243       0x66 binaries/xsh_udpeserver.o
                                         0x8f (size before relaxing)
 *fill*         0x00000000001152a9        0x3 
 .rodata.str1.4
                0x00000000001152ac       0x29 binaries/xsh_udpeserver.o
                                         0x9f (size before relaxing)
 .rodata.str1.1
                0x00000000001152d5       0x49 binaries/xsh_uptime.o
                                         0x8c (size before relaxing)
 *fill*         0x000000000011531e        0x2 
 .rodata.str1.4
                0x0000000000115320       0x28 binaries/xsh_uptime.o
                                         0x76 (size before relaxing)
 .rodata.str1.1
                0x0000000000115348       0x13 binaries/frame.o
 *fill*         0x000000000011535b        0x1 
 .rodata.str1.4
                0x000000000011535c       0x5e binaries/init_pg_tab.o
 *fill*         0x00000000001153ba        0x2 
 .rodata.str1.4
                0x00000000001153bc       0x2a binaries/pg_fault_handler.o
 .rodata.str1.1
                0x00000000001153e6        0x7 binaries/pg_fault_handler.o
 .rodata.str1.1
                0x00000000001153ed       0x2c binaries/psinit.o
 *fill*         0x0000000000115419        0x3 
 .rodata.str1.4
                0x000000000011541c       0x8a binaries/psinit.o
 .rodata.str1.1
                0x00000000001154a6       0x1c binaries/read_bs.o
 *fill*         0x00000000001154c2        0x2 
 .rodata.str1.4
                0x00000000001154c4       0x59 binaries/read_bs.o
 .rodata.str1.1
                0x000000000011551d       0x1c binaries/release_bs.o
 *fill*         0x000000000011551d        0x3 
 .rodata.str1.4
                0x0000000000115520       0x27 binaries/release_bs.o
 *fill*         0x0000000000115547        0x1 
 .rodata.str1.4
                0x0000000000115548       0x2b binaries/srpolicy.o
 .rodata.str1.1
                0x0000000000115573       0x18 binaries/vcreate.o
 .rodata.str1.1
                0x000000000011558b       0x4b binaries/vgetmem.o
 .rodata.str1.1
                0x00000000001155d6       0x1c binaries/write_bs.o
 *fill*         0x00000000001155d6        0x2 
 .rodata.str1.4
                0x00000000001155d8       0x58 binaries/write_bs.o
                0x0000000000115630                etext = ABSOLUTE (.)
                0x0000000000116000                . = ALIGN (0x1000)
 *fill*         0x0000000000115630      0x9d0 

.eh_frame       0x0000000000116000     0x735c
 .eh_frame      0x0000000000116000       0x3c binaries/app.o
 .eh_frame      0x000000000011603c       0x60 binaries/ascdate.o
                                         0x78 (size before relaxing)
 .eh_frame      0x000000000011609c       0x14 binaries/bufinit.o
                                         0x2c (size before relaxing)
 .eh_frame      0x00000000001160b0       0x40 binaries/chprio.o
                                         0x58 (size before relaxing)
 .eh_frame      0x00000000001160f0       0x18 binaries/clkhandler.o
                                         0x30 (size before relaxing)
 .eh_frame      0x0000000000116108       0x3c binaries/clkinit.o
                                         0x54 (size before relaxing)
 .eh_frame      0x0000000000116144       0x3c binaries/close.o
                                         0x54 (size before relaxing)
 .eh_frame      0x0000000000116180       0x44 binaries/control.o
                                         0x5c (size before relaxing)
 .eh_frame      0x00000000001161c4       0x74 binaries/create.o
                                         0x8c (size before relaxing)
 .eh_frame      0x0000000000116238      0x148 binaries/early_imr.o
                                        0x160 (size before relaxing)
 .eh_frame      0x0000000000116380       0x1c binaries/enable_paging.o
                                         0x34 (size before relaxing)
 .eh_frame      0x000000000011639c      0x1a8 binaries/evec.o
                                        0x1c0 (size before relaxing)
 .eh_frame      0x0000000000116544       0x50 binaries/freebuf.o
                                         0x68 (size before relaxing)
 .eh_frame      0x0000000000116594       0x58 binaries/freemem.o
                                         0x70 (size before relaxing)
 .eh_frame      0x00000000001165ec       0x20 binaries/get_faults.o
                                         0x38 (size before relaxing)
 .eh_frame      0x000000000011660c       0x40 binaries/getbuf.o
                                         0x58 (size before relaxing)
 .eh_frame      0x000000000011664c       0x3c binaries/getc.o
                                         0x54 (size before relaxing)
 .eh_frame      0x0000000000116688       0x5c binaries/getdev.o
                                         0x74 (size before relaxing)
 .eh_frame      0x00000000001166e4       0x4c binaries/getitem.o
                                         0x64 (size before relaxing)
 .eh_frame      0x0000000000116730       0x50 binaries/getmem.o
                                         0x68 (size before relaxing)
 .eh_frame      0x0000000000116780       0x14 binaries/getpid.o
                                         0x2c (size before relaxing)
 .eh_frame      0x0000000000116794       0x34 binaries/getprio.o
                                         0x4c (size before relaxing)
 .eh_frame      0x00000000001167c8       0x58 binaries/getstk.o
                                         0x70 (size before relaxing)
 .eh_frame      0x0000000000116820       0x20 binaries/gettime.o
                                         0x38 (size before relaxing)
 .eh_frame      0x0000000000116840       0x8c binaries/getutime.o
                                         0xa4 (size before relaxing)
 .eh_frame      0x00000000001168cc       0x80 binaries/hooks.o
                                         0x98 (size before relaxing)
 .eh_frame      0x000000000011694c       0x3c binaries/init.o
                                         0x54 (size before relaxing)
 .eh_frame      0x0000000000116988      0x114 binaries/initialize.o
                                        0x12c (size before relaxing)
 .eh_frame      0x0000000000116a9c       0x24 binaries/insert.o
                                         0x3c (size before relaxing)
 .eh_frame      0x0000000000116ac0       0x38 binaries/insertd.o
                                         0x50 (size before relaxing)
 .eh_frame      0x0000000000116af8       0x14 binaries/ioerr.o
                                         0x2c (size before relaxing)
 .eh_frame      0x0000000000116b0c       0x14 binaries/ionull.o
                                         0x2c (size before relaxing)
 .eh_frame      0x0000000000116b20       0x7c binaries/kill.o
                                         0x94 (size before relaxing)
 .eh_frame      0x0000000000116b9c       0x80 binaries/kprintf.o
                                         0x98 (size before relaxing)
 .eh_frame      0x0000000000116c1c       0xac binaries/main.o
                                         0xc4 (size before relaxing)
 .eh_frame      0x0000000000116cc8       0x4c binaries/mark.o
                                         0x64 (size before relaxing)
 .eh_frame      0x0000000000116d14       0x38 binaries/meminit.o
                                         0x50 (size before relaxing)
 .eh_frame      0x0000000000116d4c       0x74 binaries/mkbufpool.o
                                         0x8c (size before relaxing)
 .eh_frame      0x0000000000116dc0       0x14 binaries/newqueue.o
                                         0x2c (size before relaxing)
 .eh_frame      0x0000000000116dd4       0x44 binaries/open.o
                                         0x5c (size before relaxing)
 .eh_frame      0x0000000000116e18       0x20 binaries/panic.o
                                         0x38 (size before relaxing)
 .eh_frame      0x0000000000116e38       0xec binaries/pci.o
                                        0x104 (size before relaxing)
 .eh_frame      0x0000000000116f24       0x38 binaries/platinit.o
                                         0x50 (size before relaxing)
 .eh_frame      0x0000000000116f5c       0x68 binaries/ptclear.o
                                         0x80 (size before relaxing)
 .eh_frame      0x0000000000116fc4       0x50 binaries/ptcount.o
                                         0x68 (size before relaxing)
 .eh_frame      0x0000000000117014       0x60 binaries/ptcreate.o
                                         0x78 (size before relaxing)
 .eh_frame      0x0000000000117074       0x44 binaries/ptdelete.o
                                         0x5c (size before relaxing)
 .eh_frame      0x00000000001170b8       0x3c binaries/ptinit.o
                                         0x54 (size before relaxing)
 .eh_frame      0x00000000001170f4       0x54 binaries/ptrecv.o
                                         0x6c (size before relaxing)
 .eh_frame      0x0000000000117148       0x44 binaries/ptreset.o
                                         0x5c (size before relaxing)
 .eh_frame      0x000000000011718c       0x5c binaries/ptsend.o
                                         0x74 (size before relaxing)
 .eh_frame      0x00000000001171e8       0x44 binaries/putc.o
                                         0x5c (size before relaxing)
 .eh_frame      0x000000000011722c       0x60 binaries/quark_irq.o
                                         0x78 (size before relaxing)
 .eh_frame      0x000000000011728c       0xd0 binaries/quark_pdat.o
                                         0xe8 (size before relaxing)
 .eh_frame      0x000000000011735c       0x3c binaries/queue.o
                                         0x54 (size before relaxing)
 .eh_frame      0x0000000000117398       0x44 binaries/read.o
                                         0x5c (size before relaxing)
 .eh_frame      0x00000000001173dc       0xa4 binaries/read_cr.o
                                         0xbc (size before relaxing)
 .eh_frame      0x0000000000117480       0x28 binaries/ready.o
                                         0x40 (size before relaxing)
 .eh_frame      0x00000000001174a8       0x38 binaries/receive.o
                                         0x50 (size before relaxing)
 .eh_frame      0x00000000001174e0       0x28 binaries/recvclr.o
                                         0x40 (size before relaxing)
 .eh_frame      0x0000000000117508       0x50 binaries/recvtime.o
                                         0x68 (size before relaxing)
 .eh_frame      0x0000000000117558       0x6c binaries/resched.o
                                         0x84 (size before relaxing)
 .eh_frame      0x00000000001175c4       0x48 binaries/resume.o
                                         0x60 (size before relaxing)
 .eh_frame      0x000000000011760c       0x40 binaries/seek.o
                                         0x58 (size before relaxing)
 .eh_frame      0x000000000011764c       0x34 binaries/semcount.o
                                         0x4c (size before relaxing)
 .eh_frame      0x0000000000117680       0x40 binaries/semcreate.o
                                         0x58 (size before relaxing)
 .eh_frame      0x00000000001176c0       0x5c binaries/semdelete.o
                                         0x74 (size before relaxing)
 .eh_frame      0x000000000011771c       0x68 binaries/semreset.o
                                         0x80 (size before relaxing)
 .eh_frame      0x0000000000117784       0x58 binaries/send.o
                                         0x70 (size before relaxing)
 .eh_frame      0x00000000001177dc       0x1c binaries/set_PDBR.o
                                         0x34 (size before relaxing)
 .eh_frame      0x00000000001177f8       0x50 binaries/signal.o
                                         0x68 (size before relaxing)
 .eh_frame      0x0000000000117848       0x5c binaries/signaln.o
                                         0x74 (size before relaxing)
 .eh_frame      0x00000000001178a4       0x74 binaries/sleep.o
                                         0x8c (size before relaxing)
 .eh_frame      0x0000000000117918       0x9c binaries/stacktrace.o
                                         0xb4 (size before relaxing)
 .eh_frame      0x00000000001179b4       0x50 binaries/suspend.o
                                         0x68 (size before relaxing)
 .eh_frame      0x0000000000117a04       0x44 binaries/unsleep.o
                                         0x5c (size before relaxing)
 .eh_frame      0x0000000000117a48       0x20 binaries/userret.o
                                         0x38 (size before relaxing)
 .eh_frame      0x0000000000117a68       0x54 binaries/wait.o
                                         0x6c (size before relaxing)
 .eh_frame      0x0000000000117abc       0x2c binaries/wakeup.o
                                         0x44 (size before relaxing)
 .eh_frame      0x0000000000117ae8       0x44 binaries/write.o
                                         0x5c (size before relaxing)
 .eh_frame      0x0000000000117b2c       0x94 binaries/write_cr.o
                                         0xac (size before relaxing)
 .eh_frame      0x0000000000117bc0       0x1c binaries/xdone.o
                                         0x34 (size before relaxing)
 .eh_frame      0x0000000000117bdc       0x28 binaries/yield.o
                                         0x40 (size before relaxing)
 .eh_frame      0x0000000000117c04       0x14 binaries/abs.o
                                         0x2c (size before relaxing)
 .eh_frame      0x0000000000117c18       0x24 binaries/atoi.o
                                         0x3c (size before relaxing)
 .eh_frame      0x0000000000117c3c       0x24 binaries/atol.o
                                         0x3c (size before relaxing)
 .eh_frame      0x0000000000117c60       0x14 binaries/bzero.o
                                         0x2c (size before relaxing)
 .eh_frame      0x0000000000117c74      0x130 binaries/doprnt.o
                                        0x148 (size before relaxing)
 .eh_frame      0x0000000000117da4      0x104 binaries/doscan.o
                                        0x11c (size before relaxing)
 .eh_frame      0x0000000000117ea8      0x110 binaries/fdoprnt.o
                                        0x128 (size before relaxing)
 .eh_frame      0x0000000000117fb8       0x20 binaries/fgetc.o
                                         0x38 (size before relaxing)
 .eh_frame      0x0000000000117fd8       0x44 binaries/fgets.o
                                         0x5c (size before relaxing)
 .eh_frame      0x000000000011801c       0x24 binaries/fprintf.o
                                         0x3c (size before relaxing)
 .eh_frame      0x0000000000118040       0x20 binaries/fputc.o
                                         0x38 (size before relaxing)
 .eh_frame      0x0000000000118060       0x38 binaries/fputs.o
                                         0x50 (size before relaxing)
 .eh_frame      0x0000000000118098       0x6c binaries/fscanf.o
                                         0x84 (size before relaxing)
 .eh_frame      0x0000000000118104       0x1c binaries/getchar.o
                                         0x34 (size before relaxing)
 .eh_frame      0x0000000000118120       0x14 binaries/labs.o
                                         0x2c (size before relaxing)
 .eh_frame      0x0000000000118134       0x14 binaries/memchr.o
                                         0x2c (size before relaxing)
 .eh_frame      0x0000000000118148       0x24 binaries/memcmp.o
                                         0x3c (size before relaxing)
 .eh_frame      0x000000000011816c       0x24 binaries/memcpy.o
                                         0x3c (size before relaxing)
 .eh_frame      0x0000000000118190       0x1c binaries/memset.o
                                         0x34 (size before relaxing)
 .eh_frame      0x00000000001181ac       0x24 binaries/printf.o
                                         0x3c (size before relaxing)
 .eh_frame      0x00000000001181d0       0x20 binaries/putchar.o
                                         0x38 (size before relaxing)
 .eh_frame      0x00000000001181f0       0xc0 binaries/qsort.o
                                         0xd8 (size before relaxing)
 .eh_frame      0x00000000001182b0       0x28 binaries/rand.o
                                         0x40 (size before relaxing)
 .eh_frame      0x00000000001182d8       0x48 binaries/sprintf.o
                                         0x60 (size before relaxing)
 .eh_frame      0x0000000000118320       0x54 binaries/sscanf.o
                                         0x6c (size before relaxing)
 .eh_frame      0x0000000000118374       0x1c binaries/strchr.o
                                         0x34 (size before relaxing)
 .eh_frame      0x0000000000118390       0x1c binaries/strcmp.o
                                         0x34 (size before relaxing)
 .eh_frame      0x00000000001183ac       0x14 binaries/strcpy.o
                                         0x2c (size before relaxing)
 .eh_frame      0x00000000001183c0       0x14 binaries/strlen.o
                                         0x2c (size before relaxing)
 .eh_frame      0x00000000001183d4       0x2c binaries/strncat.o
                                         0x44 (size before relaxing)
 .eh_frame      0x0000000000118400       0x1c binaries/strncmp.o
                                         0x34 (size before relaxing)
 .eh_frame      0x000000000011841c       0x30 binaries/strncpy.o
                                         0x48 (size before relaxing)
 .eh_frame      0x000000000011844c       0x1c binaries/strnlen.o
                                         0x34 (size before relaxing)
 .eh_frame      0x0000000000118468       0x1c binaries/strrchr.o
                                         0x34 (size before relaxing)
 .eh_frame      0x0000000000118484       0x38 binaries/strstr.o
                                         0x50 (size before relaxing)
 .eh_frame      0x00000000001184bc       0x48 binaries/ttycontrol.o
                                         0x60 (size before relaxing)
 .eh_frame      0x0000000000118504       0x38 binaries/ttygetc.o
                                         0x50 (size before relaxing)
 .eh_frame      0x000000000011853c       0xd8 binaries/ttyhandle_in.o
                                         0xf0 (size before relaxing)
 .eh_frame      0x0000000000118614       0x64 binaries/ttyhandle_out.o
                                         0x7c (size before relaxing)
 .eh_frame      0x0000000000118678       0x54 binaries/ttyhandler.o
                                         0x6c (size before relaxing)
 .eh_frame      0x00000000001186cc       0x48 binaries/ttyinit.o
                                         0x60 (size before relaxing)
 .eh_frame      0x0000000000118714       0x14 binaries/ttykickout.o
                                         0x2c (size before relaxing)
 .eh_frame      0x0000000000118728       0x58 binaries/ttyputc.o
                                         0x70 (size before relaxing)
 .eh_frame      0x0000000000118780       0x60 binaries/ttyread.o
                                         0x78 (size before relaxing)
 .eh_frame      0x00000000001187e0       0x38 binaries/ttywrite.o
                                         0x50 (size before relaxing)
 .eh_frame      0x0000000000118818       0x78 binaries/mount.o
                                         0x90 (size before relaxing)
 .eh_frame      0x0000000000118890       0xe4 binaries/naminit.o
                                         0xfc (size before relaxing)
 .eh_frame      0x0000000000118974       0xe8 binaries/nammap.o
                                        0x100 (size before relaxing)
 .eh_frame      0x0000000000118a5c       0x3c binaries/namopen.o
                                         0x54 (size before relaxing)
 .eh_frame      0x0000000000118a98       0x3c binaries/colon2mac.o
                                         0x54 (size before relaxing)
 .eh_frame      0x0000000000118ad4       0x40 binaries/ethcontrol.o
                                         0x58 (size before relaxing)
 .eh_frame      0x0000000000118b14       0x58 binaries/ethhandler.o
                                         0x70 (size before relaxing)
 .eh_frame      0x0000000000118b6c      0x14c binaries/ethinit.o
                                        0x164 (size before relaxing)
 .eh_frame      0x0000000000118cb8       0xa0 binaries/ethmcast.o
                                         0xb8 (size before relaxing)
 .eh_frame      0x0000000000118d58       0x80 binaries/ethread.o
                                         0x98 (size before relaxing)
 .eh_frame      0x0000000000118dd8       0x44 binaries/ethwrite.o
                                         0x5c (size before relaxing)
 .eh_frame      0x0000000000118e1c       0x30 binaries/rdsbufalloc.o
                                         0x48 (size before relaxing)
 .eh_frame      0x0000000000118e4c       0x3c binaries/rdsclose.o
                                         0x54 (size before relaxing)
 .eh_frame      0x0000000000118e88       0x8c binaries/rdscomm.o
                                         0xa4 (size before relaxing)
 .eh_frame      0x0000000000118f14       0xb0 binaries/rdscontrol.o
                                         0xc8 (size before relaxing)
 .eh_frame      0x0000000000118fc4       0x68 binaries/rdsinit.o
[...]
 .note.GNU-stack
                0x0000000000000000        0x0 binaries/clkhandler.o
 .note.GNU-stack
                0x0000000000000000        0x0 binaries/clkinit.o
 .note.GNU-stack
                0x0000000000000000        0x0 binaries/close.o
 .note.GNU-stack
                0x0000000000000000        0x0 binaries/conf.o
 .note.GNU-stack
                0x0000000000000000        0x0 binaries/control.o
 .note.GNU-stack
                0x0000000000000000        0x0 binaries/create.o
 .note.GNU-stack
                0x0000000000000000        0x0 binaries/early_imr.o
 .note.GNU-stack
                0x0000000000000000        0x0 binaries/enable_paging.o
 .note.GNU-stack
                0x0000000000000000        0x0 binaries/evec.o
 .note.GNU-stack
                0x0000000000000000        0x0 binaries/freebuf.o
 .note.GNU-stack
                0x0000000000000000        0x0 binaries/freemem.o
 .note.GNU-stack
                0x0000000000000000        0x0 binaries/get_faults.o
 .note.GNU-stack
                0x0000000000000000        0x0 binaries/getbuf.o
 .note.GNU-stack
                0x0000000000000000        0x0 binaries/getc.o
 .note.GNU-stack
                0x0000000000000000        0x0 binaries/getdev.o
 .note.GNU-stack
                0x0000000000000000        0x0 binaries/getitem.o
 .note.GNU-stack
                0x0000000000000000        0x0 binaries/getmem.o
 .note.GNU-stack
                0x0000000000000000        0x0 binaries/getpid.o
 .note.GNU-stack
                0x0000000000000000        0x0 binaries/getprio.o
 .note.GNU-stack
                0x0000000000000000        0x0 binaries/getstk.o
 .note.GNU-stack
                0x0000000000000000        0x0 binaries/gettime.o
 .note.GNU-stack
                0x0000000000000000        0x0 binaries/getutime.o
 .note.GNU-stack
                0x0000000000000000        0x0 binaries/hooks.o
 .note.GNU-stack
                0x0000000000000000        0x0 binaries/init.o
 .note.GNU-stack
                0x0000000000000000        0x0 binaries/initialize.o
 .note.GNU-stack
                0x0000000000000000        0x0 binaries/insert.o
 .note.GNU-stack
                0x0000000000000000        0x0 binaries/insertd.o
 .note.GNU-stack
                0x0000000000000000        0x0 binaries/ioerr.o
 .note.GNU-stack
                0x0000000000000000        0x0 binaries/ionull.o
 .note.GNU-stack
                0x0000000000000000        0x0 binaries/kill.o
 .note.GNU-stack
                0x0000000000000000        0x0 binaries/kprintf.o
 .note.GNU-stack
                0x0000000000000000        0x0 binaries/main.o
 .note.GNU-stack
                0x0000000000000000        0x0 binaries/mark.o
 .note.GNU-stack
                0x0000000000000000        0x0 binaries/meminit.o
 .note.GNU-stack
                0x0000000000000000        0x0 binaries/mkbufpool.o
 .note.GNU-stack
                0x0000000000000000        0x0 binaries/newqueue.o
 .note.GNU-stack
                0x0000000000000000        0x0 binaries/open.o
 .note.GNU-stack
                0x0000000000000000        0x0 binaries/panic.o
 .note.GNU-stack
                0x0000000000000000        0x0 binaries/pci.o
 .note.GNU-stack
                0x0000000000000000        0x0 binaries/platinit.o
 .note.GNU-stack
                0x0000000000000000        0x0 binaries/ptclear.o
 .note.GNU-stack
                0x0000000000000000        0x0 binaries/ptcount.o
 .note.GNU-stack
                0x0000000000000000        0x0 binaries/ptcreate.o
 .note.GNU-stack
                0x0000000000000000        0x0 binaries/ptdelete.o
 .note.GNU-stack
                0x0000000000000000        0x0 binaries/ptinit.o
 .note.GNU-stack
                0x0000000000000000        0x0 binaries/ptrecv.o
 .note.GNU-stack
                0x0000000000000000        0x0 binaries/ptreset.o
 .note.GNU-stack
                0x0000000000000000        0x0 binaries/ptsend.o
 .note.GNU-stack
                0x0000000000000000        0x0 binaries/putc.o
 .note.GNU-stack
                0x0000000000000000        0x0 binaries/quark_irq.o
 .note.GNU-stack
                0x0000000000000000        0x0 binaries/quark_pdat.o
 .note.GNU-stack
                0x0000000000000000        0x0 binaries/queue.o
 .note.GNU-stack
                0x0000000000000000        0x0 binaries/read.o
 .note.GNU-stack
                0x0000000000000000        0x0 binaries/read_cr.o
 .note.GNU-stack
                0x0000000000000000        0x0 binaries/ready.o
 .note.GNU-stack
                0x0000000000000000        0x0 binaries/receive.o
 .note.GNU-stack
                0x0000000000000000        0x0 binaries/recvclr.o
 .note.GNU-stack
                0x0000000000000000        0x0 binaries/recvtime.o
 .note.GNU-stack
                0x0000000000000000        0x0 binaries/resched.o
 .note.GNU-stack
                0x0000000000000000        0x0 binaries/resume.o
 .note.GNU-stack
                0x0000000000000000        0x0 binaries/seek.o
 .note.GNU-stack
                0x0000000000000000        0x0 binaries/semcount.o
 .note.GNU-stack
                0x0000000000000000        0x0 binaries/semcreate.o
 .note.GNU-stack
                0x0000000000000000        0x0 binaries/semdelete.o
 .note.GNU-stack
                0x0000000000000000        0x0 binaries/semreset.o
 .note.GNU-stack
                0x0000000000000000        0x0 binaries/send.o
 .note.GNU-stack
                0x0000000000000000        0x0 binaries/set_PDBR.o
 .note.GNU-stack
                0x0000000000000000        0x0 binaries/signal.o
 .note.GNU-stack
                0x0000000000000000        0x0 binaries/signaln.o
 .note.GNU-stack
                0x0000000000000000        0x0 binaries/sleep.o
 .note.GNU-stack
                0x0000000000000000        0x0 binaries/stacktrace.o
 .note.GNU-stack
                0x0000000000000000        0x0 binaries/suspend.o
 .note.GNU-stack
                0x0000000000000000        0x0 binaries/unsleep.o
 .note.GNU-stack
                0x0000000000000000        0x0 binaries/userret.o
 .note.GNU-stack
                0x0000000000000000        0x0 binaries/wait.o
 .note.GNU-stack
                0x0000000000000000        0x0 binaries/wakeup.o
 .note.GNU-stack
                0x0000000000000000        0x0 binaries/write.o
 .note.GNU-stack
                0x0000000000000000        0x0 binaries/write_cr.o
 .note.GNU-stack
                0x0000000000000000        0x0 binaries/xdone.o
 .note.GNU-stack
                0x0000000000000000        0x0 binaries/yield.o
 .note.GNU-stack
                0x0000000000000000        0x0 binaries/abs.o
 .note.GNU-stack
                0x0000000000000000        0x0 binaries/atoi.o
 .note.GNU-stack
                0x0000000000000000        0x0 binaries/atol.o
 .note.GNU-stack
                0x0000000000000000        0x0 binaries/bzero.o
 .note.GNU-stack
                0x0000000000000000        0x0 binaries/ctype_.o
 .note.GNU-stack
                0x0000000000000000        0x0 binaries/doprnt.o
 .note.GNU-stack
                0x0000000000000000        0x0 binaries/doscan.o
 .note.GNU-stack
                0x0000000000000000        0x0 binaries/fdoprnt.o
 .note.GNU-stack
                0x0000000000000000        0x0 binaries/fgetc.o
 .note.GNU-stack
                0x0000000000000000        0x0 binaries/fgets.o
 .note.GNU-stack
                0x0000000000000000        0x0 binaries/fprintf.o
 .note.GNU-stack
                0x0000000000000000        0x0 binaries/fputc.o
 .note.GNU-stack
                0x0000000000000000        0x0 binaries/fputs.o
 .note.GNU-stack
                0x0000000000000000        0x0 binaries/fscanf.o
 .note.GNU-stack
                0x0000000000000000        0x0 binaries/getchar.o
 .note.GNU-stack
                0x0000000000000000        0x0 binaries/labs.o
 .note.GNU-stack
                0x0000000000000000        0x0 binaries/memchr.o
 .note.GNU-stack
                0x0000000000000000        0x0 binaries/memcmp.o
 .note.GNU-stack
                0x0000000000000000        0x0 binaries/memcpy.o
 .note.GNU-stack
                0x0000000000000000        0x0 binaries/memset.o
 .note.GNU-stack
                0x0000000000000000        0x0 binaries/printf.o
 .note.GNU-stack
                0x0000000000000000        0x0 binaries/putchar.o
 .note.GNU-stack
                0x0000000000000000        0x0 binaries/qsort.o
 .note.GNU-stack
                0x0000000000000000        0x0 binaries/rand.o
 .note.GNU-stack
                0x0000000000000000        0x0 binaries/sprintf.o
 .note.GNU-stack
                0x0000000000000000        0x0 binaries/sscanf.o
 .note.GNU-stack
                0x0000000000000000        0x0 binaries/strchr.o
 .note.GNU-stack
                0x0000000000000000        0x0 binaries/strcmp.o
 .note.GNU-stack
                0x0000000000000000        0x0 binaries/strcpy.o
 .note.GNU-stack
                0x0000000000000000        0x0 binaries/strlen.o
 .note.GNU-stack
                0x0000000000000000        0x0 binaries/strncat.o
 .note.GNU-stack
                0x0000000000000000        0x0 binaries/strncmp.o
 .note.GNU-stack
                0x0000000000000000        0x0 binaries/strncpy.o
 .note.GNU-stack
                0x0000000000000000        0x0 binaries/strnlen.o
 .note.GNU-stack
                0x0000000000000000        0x0 binaries/strrchr.o
 .note.GNU-stack
                0x0000000000000000        0x0 binaries/strstr.o
 .note.GNU-stack
                0x0000000000000000        0x0 binaries/ttycontrol.o
 .note.GNU-stack
                0x0000000000000000        0x0 binaries/ttygetc.o
 .note.GNU-stack
                0x0000000000000000        0x0 binaries/ttyhandle_in.o
 .note.GNU-stack
                0x0000000000000000        0x0 binaries/ttyhandle_out.o
 .note.GNU-stack
                0x0000000000000000        0x0 binaries/ttyhandler.o
 .note.GNU-stack
                0x0000000000000000        0x0 binaries/ttyinit.o
 .note.GNU-stack
                0x0000000000000000        0x0 binaries/ttykickout.o
 .note.GNU-stack
                0x0000000000000000        0x0 binaries/ttyputc.o
 .note.GNU-stack
                0x0000000000000000        0x0 binaries/ttyread.o
 .note.GNU-stack
                0x0000000000000000        0x0 binaries/ttywrite.o
 .note.GNU-stack
                0x0000000000000000        0x0 binaries/mount.o
 .note.GNU-stack
                0x0000000000000000        0x0 binaries/naminit.o
 .note.GNU-stack
                0x0000000000000000        0x0 binaries/nammap.o
 .note.GNU-stack
                0x0000000000000000        0x0 binaries/namopen.o
 .note.GNU-stack
                0x0000000000000000        0x0 binaries/colon2mac.o
 .note.GNU-stack
                0x0000000000000000        0x0 binaries/ethcontrol.o
 .note.GNU-stack
                0x0000000000000000        0x0 binaries/ethhandler.o
 .note.GNU-stack
                0x0000000000000000        0x0 binaries/ethinit.o
 .note.GNU-stack
                0x0000000000000000        0x0 binaries/ethmcast.o
 .note.GNU-stack
                0x0000000000000000        0x0 binaries/ethread.o
 .note.GNU-stack
                0x0000000000000000        0x0 binaries/ethwrite.o
 .note.GNU-stack
                0x0000000000000000        0x0 binaries/rdsbufalloc.o
 .note.GNU-stack
                0x0000000000000000        0x0 binaries/rdsclose.o
 .note.GNU-stack
                0x0000000000000000        0x0 binaries/rdscomm.o
 .note.GNU-stack
                0x0000000000000000        0x0 binaries/rdscontrol.o
 .note.GNU-stack
                0x0000000000000000        0x0 binaries/rdsinit.o
 .note.GNU-stack
                0x0000000000000000        0x0 binaries/rdsopen.o
 .note.GNU-stack
                0x0000000000000000        0x0 binaries/rdsprocess.o
 .note.GNU-stack
                0x0000000000000000        0x0 binaries/rdsread.o
 .note.GNU-stack
                0x0000000000000000        0x0 binaries/rdswrite.o
 .note.GNU-stack
                0x0000000000000000        0x0 binaries/ramclose.o
 .note.GNU-stack
                0x0000000000000000        0x0 binaries/raminit.o
 .note.GNU-stack
                0x0000000000000000        0x0 binaries/ramopen.o
 .note.GNU-stack
                0x0000000000000000        0x0 binaries/ramread.o
 .note.GNU-stack
                0x0000000000000000        0x0 binaries/ramwrite.o
 .note.GNU-stack
                0x0000000000000000        0x0 binaries/lfdballoc.o
 .note.GNU-stack
                0x0000000000000000        0x0 binaries/lfdbfree.o
 .note.GNU-stack
                0x0000000000000000        0x0 binaries/lfflush.o
 .note.GNU-stack
                0x0000000000000000        0x0 binaries/lfgetmode.o
 .note.GNU-stack
                0x0000000000000000        0x0 binaries/lfiballoc.o
 .note.GNU-stack
                0x0000000000000000        0x0 binaries/lfibclear.o
 .note.GNU-stack
                0x0000000000000000        0x0 binaries/lfibget.o
 .note.GNU-stack
                0x0000000000000000        0x0 binaries/lfibput.o
 .note.GNU-stack
                0x0000000000000000        0x0 binaries/lflclose.o
 .note.GNU-stack
                0x0000000000000000        0x0 binaries/lflcontrol.o
 .note.GNU-stack
                0x0000000000000000        0x0 binaries/lflgetc.o
 .note.GNU-stack
                0x0000000000000000        0x0 binaries/lflinit.o
 .note.GNU-stack
                0x0000000000000000        0x0 binaries/lflputc.o
 .note.GNU-stack
                0x0000000000000000        0x0 binaries/lflread.o
 .note.GNU-stack
                0x0000000000000000        0x0 binaries/lflseek.o
 .note.GNU-stack
                0x0000000000000000        0x0 binaries/lflwrite.o
 .note.GNU-stack
                0x0000000000000000        0x0 binaries/lfsckfmt.o
 .note.GNU-stack
                0x0000000000000000        0x0 binaries/lfscreate.o
 .note.GNU-stack
                0x0000000000000000        0x0 binaries/lfsetup.o
 .note.GNU-stack
                0x0000000000000000        0x0 binaries/lfsinit.o
 .note.GNU-stack
                0x0000000000000000        0x0 binaries/lfsopen.o
 .note.GNU-stack
                0x0000000000000000        0x0 binaries/lftruncate.o
 .note.GNU-stack
                0x0000000000000000        0x0 binaries/rflclose.o
 .note.GNU-stack
                0x0000000000000000        0x0 binaries/rflgetc.o
 .note.GNU-stack
                0x0000000000000000        0x0 binaries/rflinit.o
 .note.GNU-stack
                0x0000000000000000        0x0 binaries/rflputc.o
 .note.GNU-stack
                0x0000000000000000        0x0 binaries/rflread.o
 .note.GNU-stack
                0x0000000000000000        0x0 binaries/rflseek.o
 .note.GNU-stack
                0x0000000000000000        0x0 binaries/rflwrite.o
 .note.GNU-stack
                0x0000000000000000        0x0 binaries/rfscomm.o
 .note.GNU-stack
                0x0000000000000000        0x0 binaries/rfscontrol.o
 .note.GNU-stack
                0x0000000000000000        0x0 binaries/rfsgetmode.o
 .note.GNU-stack
                0x0000000000000000        0x0 binaries/rfsinit.o
 .note.GNU-stack
                0x0000000000000000        0x0 binaries/rfsndmsg.o
 .note.GNU-stack
                0x0000000000000000        0x0 binaries/rfsopen.o
 .note.GNU-stack
                0x0000000000000000        0x0 binaries/arp.o
 .note.GNU-stack
                0x0000000000000000        0x0 binaries/dhcp.o
 .note.GNU-stack
                0x0000000000000000        0x0 binaries/dot2ip.o
 .note.GNU-stack
                0x0000000000000000        0x0 binaries/hexdump.o
 .note.GNU-stack
                0x0000000000000000        0x0 binaries/icmp.o
 .note.GNU-stack
                0x0000000000000000        0x0 binaries/ip.o
 .note.GNU-stack
                0x0000000000000000        0x0 binaries/net.o
 .note.GNU-stack
                0x0000000000000000        0x0 binaries/netstart.o
 .note.GNU-stack
                0x0000000000000000        0x0 binaries/pdump.o
 .note.GNU-stack
                0x0000000000000000        0x0 binaries/tftp.o
 .note.GNU-stack
                0x0000000000000000        0x0 binaries/udp.o
 .note.GNU-stack
                0x0000000000000000        0x0 binaries/addargs.o
 .note.GNU-stack
                0x0000000000000000        0x0 binaries/lexan.o
 .note.GNU-stack
                0x0000000000000000        0x0 binaries/shell.o
 .note.GNU-stack
                0x0000000000000000        0x0 binaries/xsh_argecho.o
 .note.GNU-stack
                0x0000000000000000        0x0 binaries/xsh_arp.o
 .note.GNU-stack
                0x0000000000000000        0x0 binaries/xsh_cat.o
 .note.GNU-stack
                0x0000000000000000        0x0 binaries/xsh_clear.o
 .note.GNU-stack
                0x0000000000000000        0x0 binaries/xsh_date.o
 .note.GNU-stack
                0x0000000000000000        0x0 binaries/xsh_devdump.o
 .note.GNU-stack
                0x0000000000000000        0x0 binaries/xsh_echo.o
 .note.GNU-stack
                0x0000000000000000        0x0 binaries/xsh_exit.o
 .note.GNU-stack
                0x0000000000000000        0x0 binaries/xsh_help.o
 .note.GNU-stack
                0x0000000000000000        0x0 binaries/xsh_ipaddr.o
 .note.GNU-stack
                0x0000000000000000        0x0 binaries/xsh_kill.o
 .note.GNU-stack
                0x0000000000000000        0x0 binaries/xsh_memdump.o
 .note.GNU-stack
                0x0000000000000000        0x0 binaries/xsh_memstat.o
 .note.GNU-stack
                0x0000000000000000        0x0 binaries/xsh_ping.o
 .note.GNU-stack
                0x0000000000000000        0x0 binaries/xsh_ps.o
 .note.GNU-stack
                0x0000000000000000        0x0 binaries/xsh_sleep.o
 .note.GNU-stack
                0x0000000000000000        0x0 binaries/xsh_udpdump.o
 .note.GNU-stack
                0x0000000000000000        0x0 binaries/xsh_udpecho.o
 .note.GNU-stack
                0x0000000000000000        0x0 binaries/xsh_udpeserver.o
 .note.GNU-stack
                0x0000000000000000        0x0 binaries/xsh_uptime.o
 .note.GNU-stack
                0x0000000000000000        0x0 binaries/allocate_bs.o
 .note.GNU-stack
                0x0000000000000000        0x0 binaries/bs_map.o
 .note.GNU-stack
                0x0000000000000000        0x0 binaries/close_bs.o
 .note.GNU-stack
                0x0000000000000000        0x0 binaries/create_pd.o
 .note.GNU-stack
                0x0000000000000000        0x0 binaries/create_pt.o
 .note.GNU-stack
                0x0000000000000000        0x0 binaries/deallocate_bs.o
 .note.GNU-stack
                0x0000000000000000        0x0 binaries/frame.o
 .note.GNU-stack
                0x0000000000000000        0x0 binaries/free_page.o
 .note.GNU-stack
                0x0000000000000000        0x0 binaries/free_pd.o
 .note.GNU-stack
                0x0000000000000000        0x0 binaries/free_pt.o
 .note.GNU-stack
                0x0000000000000000        0x0 binaries/get_bs.o
 .note.GNU-stack
                0x0000000000000000        0x0 binaries/init_pg_tab.o
 .note.GNU-stack
                0x0000000000000000        0x0 binaries/open_bs.o
 .note.GNU-stack
                0x0000000000000000        0x0 binaries/pg_fault_handler.o
 .note.GNU-stack
                0x0000000000000000        0x0 binaries/proc_clean_bs.o
 .note.GNU-stack
                0x0000000000000000        0x0 binaries/psinit.o
 .note.GNU-stack
                0x0000000000000000        0x0 binaries/read_bs.o
 .note.GNU-stack
                0x0000000000000000        0x0 binaries/release_bs.o
 .note.GNU-stack
                0x0000000000000000        0x0 binaries/srpolicy.o
 .note.GNU-stack
                0x0000000000000000        0x0 binaries/vcreate.o
 .note.GNU-stack
                0x0000000000000000        0x0 binaries/vfreemem.o
 .note.GNU-stack
                0x0000000000000000        0x0 binaries/vgetmem.o
 .note.GNU-stack
                0x0000000000000000        0x0 binaries/write_bs.o
